Archive member included to satisfy reference by file (symbol)

F:\LPCworkspace\lpcxpresso55s06_mcofd_manager\mcolibs\libMCOFD_MGR_LPC55xx_SDK.a(comgr.o)
                              ./source/user_LPC5xxxx.o (MGR_ResetNodeList)
F:\LPCworkspace\lpcxpresso55s06_mcofd_manager\mcolibs\libMCOFD_MGR_LPC55xx_SDK.a(usdoclnt.o)
                              ./source/user_LPC5xxxx.o (USDOCLNT_ResetChannels)
F:\LPCworkspace\lpcxpresso55s06_mcofd_manager\mcolibs\libMCOFD_MGR_LPC55xx_SDK.a(mcohw_LPC54xxx.o)
                              ./MCO-Config/user_mgr_401.o (MCOHW_GetStatus)
F:\LPCworkspace\lpcxpresso55s06_mcofd_manager\mcolibs\libMCOFD_MGR_LPC55xx_SDK.a(mco.o)
                              ./source/user_LPC5xxxx.o (MCO_Init)
F:\LPCworkspace\lpcxpresso55s06_mcofd_manager\mcolibs\libMCOFD_MGR_LPC55xx_SDK.a(mcop.o)
                              ./source/main.o (MCO_ReadProcessData)
F:\LPCworkspace\lpcxpresso55s06_mcofd_manager\mcolibs\libMCOFD_MGR_LPC55xx_SDK.a(usdo.o)
                              F:\LPCworkspace\lpcxpresso55s06_mcofd_manager\mcolibs\libMCOFD_MGR_LPC55xx_SDK.a(mco.o) (USDO_HandleUSDORequest)
F:\LPCworkspace\lpcxpresso55s06_mcofd_manager\mcolibs\libMCOFD_MGR_LPC55xx_SDK.a(fsl_mcan.o)
                              F:\LPCworkspace\lpcxpresso55s06_mcofd_manager\mcolibs\libMCOFD_MGR_LPC55xx_SDK.a(mcohw_LPC54xxx.o) (MCAN_EnterNormalMode)
f:/mcuxpressoide_11.3.1_5262/ide/plugins/com.nxp.mcuxpresso.tools.win32_11.3.0.202008311133/tools/bin/../lib/gcc/arm-none-eabi/9.3.1/../../../../arm-none-eabi/lib/thumb/v8-m.main+fp/hard\libcr_nohost_nf.a(__ciob.o)
                              ./source/mcohw_com_generic.o (__Ciob)
f:/mcuxpressoide_11.3.1_5262/ide/plugins/com.nxp.mcuxpresso.tools.win32_11.3.0.202008311133/tools/bin/../lib/gcc/arm-none-eabi/9.3.1/../../../../arm-none-eabi/lib/thumb/v8-m.main+fp/hard\libcr_nohost_nf.a(_cr__main.o)
                              ./startup/startup_lpc55s06.o (__main)
f:/mcuxpressoide_11.3.1_5262/ide/plugins/com.nxp.mcuxpresso.tools.win32_11.3.0.202008311133/tools/bin/../lib/gcc/arm-none-eabi/9.3.1/../../../../arm-none-eabi/lib/thumb/v8-m.main+fp/hard\libcr_c.a(memcpy.o)
                              ./utilities/fsl_str.o (memcpy)
f:/mcuxpressoide_11.3.1_5262/ide/plugins/com.nxp.mcuxpresso.tools.win32_11.3.0.202008311133/tools/bin/../lib/gcc/arm-none-eabi/9.3.1/../../../../arm-none-eabi/lib/thumb/v8-m.main+fp/hard\libcr_c.a(memset.o)
                              ./utilities/fsl_debug_console.o (memset)
f:/mcuxpressoide_11.3.1_5262/ide/plugins/com.nxp.mcuxpresso.tools.win32_11.3.0.202008311133/tools/bin/../lib/gcc/arm-none-eabi/9.3.1/../../../../arm-none-eabi/lib/thumb/v8-m.main+fp/hard\libcr_c.a(_deferredlazyseek.o)
                              ./source/mcohw_com_generic.o (__flsbuf)
f:/mcuxpressoide_11.3.1_5262/ide/plugins/com.nxp.mcuxpresso.tools.win32_11.3.0.202008311133/tools/bin/../lib/gcc/arm-none-eabi/9.3.1/../../../../arm-none-eabi/lib/thumb/v8-m.main+fp/hard\libcr_c.a(_fflush.o)
                              f:/mcuxpressoide_11.3.1_5262/ide/plugins/com.nxp.mcuxpresso.tools.win32_11.3.0.202008311133/tools/bin/../lib/gcc/arm-none-eabi/9.3.1/../../../../arm-none-eabi/lib/thumb/v8-m.main+fp/hard\libcr_c.a(_deferredlazyseek.o) (_fflush)
f:/mcuxpressoide_11.3.1_5262/ide/plugins/com.nxp.mcuxpresso.tools.win32_11.3.0.202008311133/tools/bin/../lib/gcc/arm-none-eabi/9.3.1/../../../../arm-none-eabi/lib/thumb/v8-m.main+fp/hard\libcr_c.a(_writebuf.o)
                              f:/mcuxpressoide_11.3.1_5262/ide/plugins/com.nxp.mcuxpresso.tools.win32_11.3.0.202008311133/tools/bin/../lib/gcc/arm-none-eabi/9.3.1/../../../../arm-none-eabi/lib/thumb/v8-m.main+fp/hard\libcr_c.a(_deferredlazyseek.o) (_Cwritebuf)
f:/mcuxpressoide_11.3.1_5262/ide/plugins/com.nxp.mcuxpresso.tools.win32_11.3.0.202008311133/tools/bin/../lib/gcc/arm-none-eabi/9.3.1/../../../../arm-none-eabi/lib/thumb/v8-m.main+fp/hard\libcr_c.a(alloc.o)
                              ./drivers/fsl_common.o (malloc)
f:/mcuxpressoide_11.3.1_5262/ide/plugins/com.nxp.mcuxpresso.tools.win32_11.3.0.202008311133/tools/bin/../lib/gcc/arm-none-eabi/9.3.1/../../../../arm-none-eabi/lib/thumb/v8-m.main+fp/hard\libcr_c.a(fseek.o)
                              f:/mcuxpressoide_11.3.1_5262/ide/plugins/com.nxp.mcuxpresso.tools.win32_11.3.0.202008311133/tools/bin/../lib/gcc/arm-none-eabi/9.3.1/../../../../arm-none-eabi/lib/thumb/v8-m.main+fp/hard\libcr_c.a(_deferredlazyseek.o) (fseek)
f:/mcuxpressoide_11.3.1_5262/ide/plugins/com.nxp.mcuxpresso.tools.win32_11.3.0.202008311133/tools/bin/../lib/gcc/arm-none-eabi/9.3.1/../../../../arm-none-eabi/lib/thumb/v8-m.main+fp/hard\libcr_c.a(ftell.o)
                              f:/mcuxpressoide_11.3.1_5262/ide/plugins/com.nxp.mcuxpresso.tools.win32_11.3.0.202008311133/tools/bin/../lib/gcc/arm-none-eabi/9.3.1/../../../../arm-none-eabi/lib/thumb/v8-m.main+fp/hard\libcr_c.a(fseek.o) (ftell)
[...]
Memory Configuration

Name             Origin             Length             Attributes
PROGRAM_FLASH    0x00000000         0x00038000         xr
SRAM0_1_2        0x20000000         0x00010000         xrw
SRAMX            0x04000000         0x00004000         xrw
SRAM3            0x20010000         0x00004000         xrw
*default*        0x00000000         0xffffffff

Linker script and memory map

LOAD ./utilities/fsl_assert.o
LOAD ./utilities/fsl_debug_console.o
LOAD ./utilities/fsl_str.o
LOAD ./startup/startup_lpc55s06.o
LOAD ./source/main.o
LOAD ./source/mco_libcb.o
LOAD ./source/mcohw_com_generic.o
LOAD ./source/mcohw_nvol_sim.o
LOAD ./source/semihost_hardfault.o
LOAD ./source/user_LPC5xxxx.o
LOAD ./drivers/fsl_clock.o
LOAD ./drivers/fsl_common.o
LOAD ./drivers/fsl_flexcomm.o
LOAD ./drivers/fsl_gpio.o
LOAD ./drivers/fsl_inputmux.o
LOAD ./drivers/fsl_power.o
LOAD ./drivers/fsl_reset.o
LOAD ./drivers/fsl_usart.o
LOAD ./drivers/fsl_wwdt.o
LOAD ./device/system_LPC55S06.o
LOAD ./component/uart/usart_adapter.o
LOAD ./component/serial_manager/serial_manager.o
LOAD ./component/serial_manager/serial_port_uart.o
LOAD ./component/lists/generic_list.o
LOAD ./board/board.o
LOAD ./board/clock_config.o
LOAD ./board/pin_mux.o
LOAD ./MCO-Config/user_cbdata.o
LOAD ./MCO-Config/user_mgr_401.o
LOAD ./MCO-Config/user_od.o
LOAD F:\LPCworkspace\lpcxpresso55s06_mcofd_manager\mcolibs\libMCOFD_MGR_LPC55xx_SDK.a
START GROUP
LOAD f:/mcuxpressoide_11.3.1_5262/ide/plugins/com.nxp.mcuxpresso.tools.win32_11.3.0.202008311133/tools/bin/../lib/gcc/arm-none-eabi/9.3.1/../../../../arm-none-eabi/lib/thumb/v8-m.main+fp/hard\libcr_nohost_nf.a
LOAD f:/mcuxpressoide_11.3.1_5262/ide/plugins/com.nxp.mcuxpresso.tools.win32_11.3.0.202008311133/tools/bin/../lib/gcc/arm-none-eabi/9.3.1/../../../../arm-none-eabi/lib/thumb/v8-m.main+fp/hard\libcr_c.a
LOAD f:/mcuxpressoide_11.3.1_5262/ide/plugins/com.nxp.mcuxpresso.tools.win32_11.3.0.202008311133/tools/bin/../lib/gcc/arm-none-eabi/9.3.1/thumb/v8-m.main+fp/hard\libcr_eabihelpers.a
LOAD f:/mcuxpressoide_11.3.1_5262/ide/plugins/com.nxp.mcuxpresso.tools.win32_11.3.0.202008311133/tools/bin/../lib/gcc/arm-none-eabi/9.3.1/thumb/v8-m.main+fp/hard\libgcc.a
END GROUP
                0x00000000                __base_PROGRAM_FLASH = 0x0
                0x00000000                __base_Flash = 0x0
                0x00038000                __top_PROGRAM_FLASH = 0x38000
                0x00038000                __top_Flash = 0x38000
                0x20000000                __base_SRAM0_1_2 = 0x20000000
                0x20000000                __base_RAM = 0x20000000
                0x20010000                __top_SRAM0_1_2 = 0x20010000
                0x20010000                __top_RAM = 0x20010000
                0x04000000                __base_SRAMX = 0x4000000
                0x04000000                __base_RAM2 = 0x4000000
                0x04004000                __top_SRAMX = 0x4004000
                0x04004000                __top_RAM2 = 0x4004000
                0x20010000                __base_SRAM3 = 0x20010000
                0x20010000                __base_RAM3 = 0x20010000
                0x20014000                __top_SRAM3 = 0x20014000
                0x20014000                __top_RAM3 = 0x20014000

.text           0x00000000     0x9ba0
 FILL mask 0xff
                0x00000000                __vectors_start__ = ABSOLUTE (.)
 *(SORT_BY_ALIGNMENT(.isr_vector))
 .isr_vector    0x00000000      0x134 ./startup/startup_lpc55s06.o
                0x00000000                g_pfnVectors
                0x00000000                __Vectors
                0x00000134                . = ALIGN (0x4)
                0x00000134                __section_table_start = .
                0x00000134                __data_section_table = .
                0x00000134        0x4 LONG 0x9ba0 LOADADDR (.data)
                0x00000138        0x4 LONG 0x20000000 ADDR (.data)
                0x0000013c        0x4 LONG 0x130 SIZEOF (.data)
                0x00000140        0x4 LONG 0x9ba0 LOADADDR (.data_RAM2)
                0x00000144        0x4 LONG 0x4000000 ADDR (.data_RAM2)
                0x00000148        0x4 LONG 0x0 SIZEOF (.data_RAM2)
                0x0000014c        0x4 LONG 0x9ba0 LOADADDR (.data_RAM3)
                0x00000150        0x4 LONG 0x20010000 ADDR (.data_RAM3)
                0x00000154        0x4 LONG 0x0 SIZEOF (.data_RAM3)
                0x00000158                __data_section_table_end = .
                0x00000158                __bss_section_table = .
                0x00000158        0x4 LONG 0x20000130 ADDR (.bss)
                0x0000015c        0x4 LONG 0x2dac SIZEOF (.bss)
                0x00000160        0x4 LONG 0x4000000 ADDR (.bss_RAM2)
                0x00000164        0x4 LONG 0x0 SIZEOF (.bss_RAM2)
                0x00000168        0x4 LONG 0x20010000 ADDR (.bss_RAM3)
                0x0000016c        0x4 LONG 0x0 SIZEOF (.bss_RAM3)
                0x00000170                __bss_section_table_end = .
                0x00000170                __section_table_end = .
 *(SORT_BY_ALIGNMENT(.after_vectors*))
 .after_vectors.reset
                0x00000170       0x4c ./startup/startup_lpc55s06.o
                0x00000170                ResetISR
 .after_vectors.init_data
                0x000001bc       0x1e ./startup/startup_lpc55s06.o
                0x000001bc                data_init
 .after_vectors.init_bss
                0x000001da       0x12 ./startup/startup_lpc55s06.o
                0x000001da                bss_init
 .after_vectors
                0x000001ec       0x16 ./startup/startup_lpc55s06.o
                0x000001ec                NMI_Handler
                0x000001f0                MemManage_Handler
                0x000001f2                BusFault_Handler
                0x000001f4                UsageFault_Handler
                0x000001f6                SecureFault_Handler
                0x000001f8                SVC_Handler
                0x000001fa                DebugMon_Handler
                0x000001fc                PendSV_Handler
                0x00000200                Reserved73_DriverIRQHandler
                0x00000200                Reserved64_DriverIRQHandler
                0x00000200                PIN_INT3_DriverIRQHandler
                0x00000200                PIN_INT2_DriverIRQHandler
                0x00000200                Reserved56_DriverIRQHandler
                0x00000200                PIN_INT0_DriverIRQHandler
                0x00000200                Reserved63_DriverIRQHandler
                0x00000200                CTIMER2_DriverIRQHandler
                0x00000200                CodeWDG_DriverIRQHandler
                0x00000200                IntDefaultHandler
                0x00000200                CASER_DriverIRQHandler
                0x00000200                MRT0_DriverIRQHandler
                0x00000200                UTICK0_DriverIRQHandler
                0x00000200                Reserved41_DriverIRQHandler
                0x00000200                PIN_INT4_DriverIRQHandler
                0x00000200                PIN_INT5_DriverIRQHandler
                0x00000200                SEC_GPIO_INT0_IRQ0_DriverIRQHandler
                0x00000200                Reserved47_DriverIRQHandler
                0x00000200                SEC_VIO_DriverIRQHandler
                0x00000200                GINT1_DriverIRQHandler
                0x00000200                PIN_INT7_DriverIRQHandler
                0x00000200                Reserved55_DriverIRQHandler
                0x00000200                HASHCRYPT_DriverIRQHandler
                0x00000200                CTIMER0_DriverIRQHandler
                0x00000200                CTIMER1_DriverIRQHandler
                0x00000200                Reserved42_DriverIRQHandler
                0x00000200                PIN_INT6_DriverIRQHandler
                0x00000200                PIN_INT1_DriverIRQHandler
                0x00000200                CTIMER3_DriverIRQHandler
                0x00000200                Reserved61_DriverIRQHandler
                0x00000200                SEC_GPIO_INT0_IRQ1_DriverIRQHandler
                0x00000200                PUF_DriverIRQHandler
                0x00000200                RTC_DriverIRQHandler
                0x00000200                Reserved62_DriverIRQHandler
                0x00000200                DMA0_DriverIRQHandler
                0x00000200                Reserved39_DriverIRQHandler
                0x00000200                DMA1_DriverIRQHandler
                0x00000200                Reserved44_DriverIRQHandler
                0x00000200                ADC0_DriverIRQHandler
                0x00000200                GINT0_DriverIRQHandler
                0x00000200                ACMP_DriverIRQHandler
                0x00000200                Reserved58_DriverIRQHandler
                0x00000200                Reserved57_DriverIRQHandler
                0x00000200                CTIMER4_DriverIRQHandler
                0x00000200                Reserved43_DriverIRQHandler
                0x00000200                Reserved46_DriverIRQHandler
                0x00000200                WDT_BOD_DriverIRQHandler
                0x00000200                SCT0_DriverIRQHandler
                0x00000200                PLU_DriverIRQHandler
                0x00000200                OS_EVENT_DriverIRQHandler
                0x00000200                SEC_HYPERVISOR_CALL_DriverIRQHandler
 *(SORT_BY_ALIGNMENT(.text*))
 *fill*         0x00000202        0x2 ff
 .text.__assertion_failed
                0x00000204       0x18 ./utilities/fsl_assert.o
                0x00000204                __assertion_failed
 .text.DbgConsole_SendDataReliable
                0x0000021c       0x64 ./utilities/fsl_debug_console.o
                0x0000021c                DbgConsole_SendDataReliable
 .text.DbgConsole_Init
                0x00000280      0x118 ./utilities/fsl_debug_console.o
                0x00000280                DbgConsole_Init
 .text.DbgConsole_Printf
                0x00000398       0x78 ./utilities/fsl_debug_console.o
                0x00000398                DbgConsole_Printf
 .text.__NVIC_SetPriority
                0x00000410       0x54 ./source/main.o
 .text.SysTick_Config
                0x00000464       0x44 ./source/main.o
 .text.USER_ProcessApp
                0x000004a8       0x98 ./source/main.o
                0x000004a8                USER_ProcessApp
 .text.main     0x00000540       0x8c ./source/main.o
                0x00000540                main
 .text.Init_HW  0x000005cc       0x6c ./source/main.o
                0x000005cc                Init_HW
 .text.LIBCB_InitLeds
                0x00000638       0xbc ./source/mco_libcb.o
                0x00000638                LIBCB_InitLeds
 .text.LIBCB_SwitchLeds
                0x000006f4       0x54 ./source/mco_libcb.o
                0x000006f4                LIBCB_SwitchLeds
 .text.MCOUSER_FatalError
                0x00000748       0x80 ./source/user_LPC5xxxx.o
                0x00000748                MCOUSER_FatalError
 .text.MCOUSER_ResetApplication
                0x000007c8       0x14 ./source/user_LPC5xxxx.o
                0x000007c8                MCOUSER_ResetApplication
 .text.MCOUSER_ResetCommunication
                0x000007dc      0x104 ./source/user_LPC5xxxx.o
                0x000007dc                MCOUSER_ResetCommunication
 .text.MCOUSER_NMTChange
                0x000008e0       0x68 ./source/user_LPC5xxxx.o
                0x000008e0                MCOUSER_NMTChange
 .text.POWER_EnablePD
                0x00000948       0x20 ./drivers/fsl_clock.o
 .text.POWER_DisablePD
                0x00000968       0x20 ./drivers/fsl_clock.o
 .text.CLOCK_AttachClk
                0x00000988       0xc0 ./drivers/fsl_clock.o
                0x00000988                CLOCK_AttachClk
 .text.CLOCK_SetClkDiv
                0x00000a48       0x80 ./drivers/fsl_clock.o
                0x00000a48                CLOCK_SetClkDiv
 .text.CLOCK_SetupFROClocking
                0x00000ac8       0x74 ./drivers/fsl_clock.o
                0x00000ac8                CLOCK_SetupFROClocking
 .text.CLOCK_SetFLASHAccessCyclesForFreq
                0x00000b3c       0xa0 ./drivers/fsl_clock.o
                0x00000b3c                CLOCK_SetFLASHAccessCyclesForFreq
 .text.CLOCK_SetupExtClocking
                0x00000bdc       0x50 ./drivers/fsl_clock.o
                0x00000bdc                CLOCK_SetupExtClocking
 .text.CLOCK_GetMCanClkFreq
                0x00000c2c       0x7c ./drivers/fsl_clock.o
                0x00000c2c                CLOCK_GetMCanClkFreq
 .text.CLOCK_GetFro12MFreq
                0x00000ca8       0x28 ./drivers/fsl_clock.o
                0x00000ca8                CLOCK_GetFro12MFreq
 .text.CLOCK_GetFro1MFreq
                0x00000cd0       0x28 ./drivers/fsl_clock.o
                0x00000cd0                CLOCK_GetFro1MFreq
 .text.CLOCK_GetExtClkFreq
                0x00000cf8       0x2c ./drivers/fsl_clock.o
                0x00000cf8                CLOCK_GetExtClkFreq
 .text.CLOCK_GetFroHfFreq
                0x00000d24       0x28 ./drivers/fsl_clock.o
                0x00000d24                CLOCK_GetFroHfFreq
 .text.CLOCK_GetPll0OutFreq
                0x00000d4c       0x18 ./drivers/fsl_clock.o
                0x00000d4c                CLOCK_GetPll0OutFreq
 .text.CLOCK_GetPll1OutFreq
                0x00000d64       0x18 ./drivers/fsl_clock.o
                0x00000d64                CLOCK_GetPll1OutFreq
 .text.CLOCK_GetOsc32KFreq
                0x00000d7c       0x58 ./drivers/fsl_clock.o
                0x00000d7c                CLOCK_GetOsc32KFreq
 .text.CLOCK_GetCoreSysClkFreq
                0x00000dd4       0xa8 ./drivers/fsl_clock.o
                0x00000dd4                CLOCK_GetCoreSysClkFreq
 .text.CLOCK_GetPLL0InClockRate
                0x00000e7c       0x64 ./drivers/fsl_clock.o
                0x00000e7c                CLOCK_GetPLL0InClockRate
 .text.CLOCK_SetPLL0Freq
                0x00000ee0      0x12c ./drivers/fsl_clock.o
                0x00000ee0                CLOCK_SetPLL0Freq
 .text.SDK_DelayAtLeastUs
                0x0000100c       0x90 ./drivers/fsl_common.o
                0x0000100c                SDK_DelayAtLeastUs
 .text.FLEXCOMM_GetInstance
                0x0000109c       0x50 ./drivers/fsl_flexcomm.o
                0x0000109c                FLEXCOMM_GetInstance
 .text.FLEXCOMM_Init
                0x000010ec       0x50 ./drivers/fsl_flexcomm.o
                0x000010ec                FLEXCOMM_Init
 .text.FLEXCOMM0_DriverIRQHandler
                0x0000113c       0x5c ./drivers/fsl_flexcomm.o
                0x0000113c                FLEXCOMM0_DriverIRQHandler
 .text.FLEXCOMM1_DriverIRQHandler
                0x00001198       0x5c ./drivers/fsl_flexcomm.o
                0x00001198                FLEXCOMM1_DriverIRQHandler
 .text.FLEXCOMM2_DriverIRQHandler
                0x000011f4       0x5c ./drivers/fsl_flexcomm.o
                0x000011f4                FLEXCOMM2_DriverIRQHandler
 .text.FLEXCOMM3_DriverIRQHandler
                0x00001250       0x5c ./drivers/fsl_flexcomm.o
                0x00001250                FLEXCOMM3_DriverIRQHandler
 .text.FLEXCOMM4_DriverIRQHandler
                0x000012ac       0x5c ./drivers/fsl_flexcomm.o
                0x000012ac                FLEXCOMM4_DriverIRQHandler
 .text.FLEXCOMM5_DriverIRQHandler
                0x00001308       0x5c ./drivers/fsl_flexcomm.o
                0x00001308                FLEXCOMM5_DriverIRQHandler
 .text.FLEXCOMM6_DriverIRQHandler
                0x00001364       0x5c ./drivers/fsl_flexcomm.o
                0x00001364                FLEXCOMM6_DriverIRQHandler
 .text.FLEXCOMM7_DriverIRQHandler
                0x000013c0       0x5c ./drivers/fsl_flexcomm.o
                0x000013c0                FLEXCOMM7_DriverIRQHandler
 .text.FLEXCOMM8_DriverIRQHandler
                0x0000141c       0x5c ./drivers/fsl_flexcomm.o
                0x0000141c                FLEXCOMM8_DriverIRQHandler
 .text.GPIO_PortInit
                0x00001478       0x48 ./drivers/fsl_gpio.o
                0x00001478                GPIO_PortInit
 .text.lowpower_set_system_voltage
                0x000014c0      0x154 ./drivers/fsl_power.o
 .text.lowpower_set_dcdc_power_profile
                0x00001614       0xec ./drivers/fsl_power.o
 .text.lowpower_get_part_process_corner
                0x00001700       0x94 ./drivers/fsl_power.o
 .text.POWER_SetVoltageForFreq
                0x00001794       0x50 ./drivers/fsl_power.o
                0x00001794                POWER_SetVoltageForFreq
 .text.RESET_SetPeripheralReset
                0x000017e4       0x5c ./drivers/fsl_reset.o
                0x000017e4                RESET_SetPeripheralReset
 .text.RESET_ClearPeripheralReset
                0x00001840       0x60 ./drivers/fsl_reset.o
                0x00001840                RESET_ClearPeripheralReset
 .text.USART_Init
                0x000018a0      0x1c0 ./drivers/fsl_usart.o
                0x000018a0                USART_Init
 .text.USART_GetDefaultConfig
                0x00001a60       0x7c ./drivers/fsl_usart.o
                0x00001a60                USART_GetDefaultConfig
 .text.USART_SetBaudRate
                0x00001adc      0x128 ./drivers/fsl_usart.o
                0x00001adc                USART_SetBaudRate
 .text.USART_WriteBlocking
                0x00001c04       0x8c ./drivers/fsl_usart.o
                0x00001c04                USART_WriteBlocking
 .text.SystemInit
                0x00001c90       0xac ./device/system_LPC55S06.o
                0x00001c90                SystemInit
 .text.HAL_UartInit
                0x00001d3c      0x108 ./component/uart/usart_adapter.o
                0x00001d3c                HAL_UartInit
 .text.HAL_UartSendBlocking
                0x00001e44       0x64 ./component/uart/usart_adapter.o
                0x00001e44                HAL_UartSendBlocking
 .text.SerialManager_Write
                0x00001ea8       0x6c ./component/serial_manager/serial_manager.o
 .text.SerialManager_Init
                0x00001f14       0x74 ./component/serial_manager/serial_manager.o
                0x00001f14                SerialManager_Init
 .text.SerialManager_OpenWriteHandle
                0x00001f88       0x64 ./component/serial_manager/serial_manager.o
                0x00001f88                SerialManager_OpenWriteHandle
 .text.SerialManager_OpenReadHandle
                0x00001fec       0x74 ./component/serial_manager/serial_manager.o
                0x00001fec                SerialManager_OpenReadHandle
 .text.Serial_UartInit
                0x00002060       0x80 ./component/serial_manager/serial_port_uart.o
                0x00002060                Serial_UartInit
 .text.Serial_UartWrite
                0x000020e0       0x58 ./component/serial_manager/serial_port_uart.o
                0x000020e0                Serial_UartWrite
 .text.BOARD_InitDebugConsole
                0x00002138       0x38 ./board/board.o
                0x00002138                BOARD_InitDebugConsole
 .text.POWER_DisablePD
                0x00002170       0x20 ./board/clock_config.o
 .text.BOARD_BootClockPLL96M
                0x00002190       0xe0 ./board/clock_config.o
                0x00002190                BOARD_BootClockPLL96M
 .text.BOARD_InitPins
                0x00002270       0x74 ./board/pin_mux.o
                0x00002270                BOARD_InitPins
 .text.USDOCLNTCB_USDOComplete
                0x000022e4       0xa0 ./MCO-Config/user_mgr_401.o
                0x000022e4                USDOCLNTCB_USDOComplete
 .text.MGRCB_NodeStatusChanged
                0x00002384      0x444 ./MCO-Config/user_mgr_401.o
                0x00002384                MGRCB_NodeStatusChanged
 .text.USER_ProcessMgr
                0x000027c8      0x324 ./MCO-Config/user_mgr_401.o
                0x000027c8                USER_ProcessMgr
 .text.MGR_ResetNodeList
                0x00002aec       0x44 F:\LPCworkspace\lpcxpresso55s06_mcofd_manager\mcolibs\libMCOFD_MGR_LPC55xx_SDK.a(comgr.o)
                0x00002aec                MGR_ResetNodeList
 .text.MGRSCAN_Init
                0x00002b30       0x3c F:\LPCworkspace\lpcxpresso55s06_mcofd_manager\mcolibs\libMCOFD_MGR_LPC55xx_SDK.a(comgr.o)
                0x00002b30                MGRSCAN_Init
 .text.MGR_TransmitNMT
                0x00002b6c       0x90 F:\LPCworkspace\lpcxpresso55s06_mcofd_manager\mcolibs\libMCOFD_MGR_LPC55xx_SDK.a(comgr.o)
                0x00002b6c                MGR_TransmitNMT
 .text.MGR_InitHBConsumer
                0x00002bfc       0x28 F:\LPCworkspace\lpcxpresso55s06_mcofd_manager\mcolibs\libMCOFD_MGR_LPC55xx_SDK.a(comgr.o)
                0x00002bfc                MGR_InitHBConsumer
 .text.MGR_ConsumeHB
                0x00002c24      0x118 F:\LPCworkspace\lpcxpresso55s06_mcofd_manager\mcolibs\libMCOFD_MGR_LPC55xx_SDK.a(comgr.o)
                0x00002c24                MGR_ConsumeHB
 .text.MGR_ProcessHBCheck
                0x00002d3c       0x70 F:\LPCworkspace\lpcxpresso55s06_mcofd_manager\mcolibs\libMCOFD_MGR_LPC55xx_SDK.a(comgr.o)
                0x00002d3c                MGR_ProcessHBCheck
 .text.MGR_ProcessMgrRx
                0x00002dac       0x90 F:\LPCworkspace\lpcxpresso55s06_mcofd_manager\mcolibs\libMCOFD_MGR_LPC55xx_SDK.a(comgr.o)
                0x00002dac                MGR_ProcessMgrRx
 .text.MGR_ProcessMgrTick
                0x00002e3c      0x204 F:\LPCworkspace\lpcxpresso55s06_mcofd_manager\mcolibs\libMCOFD_MGR_LPC55xx_SDK.a(comgr.o)
                0x00002e3c                MGR_ProcessMgrTick
 .text.USDOCLNT_SendSDOAbort
                0x00003040       0x48 F:\LPCworkspace\lpcxpresso55s06_mcofd_manager\mcolibs\libMCOFD_MGR_LPC55xx_SDK.a(usdoclnt.o)
 .text.set_next_segment_msg.constprop.4
                0x00003088       0x94 F:\LPCworkspace\lpcxpresso55s06_mcofd_manager\mcolibs\libMCOFD_MGR_LPC55xx_SDK.a(usdoclnt.o)
 .text.USDOCLNT_ResetChannels
                0x0000311c       0x30 F:\LPCworkspace\lpcxpresso55s06_mcofd_manager\mcolibs\libMCOFD_MGR_LPC55xx_SDK.a(usdoclnt.o)
                0x0000311c                USDOCLNT_ResetChannels
 .text.USDOCLNT_USDOComplete
                0x0000314c       0x1c F:\LPCworkspace\lpcxpresso55s06_mcofd_manager\mcolibs\libMCOFD_MGR_LPC55xx_SDK.a(usdoclnt.o)
                0x0000314c                USDOCLNT_USDOComplete
 .text.USDOCLNT_Init
                0x00003168       0x58 F:\LPCworkspace\lpcxpresso55s06_mcofd_manager\mcolibs\libMCOFD_MGR_LPC55xx_SDK.a(usdoclnt.o)
                0x00003168                USDOCLNT_Init
 .text.USDOCLNT_Write
                0x000031c0       0xec F:\LPCworkspace\lpcxpresso55s06_mcofd_manager\mcolibs\libMCOFD_MGR_LPC55xx_SDK.a(usdoclnt.o)
                0x000031c0                USDOCLNT_Write
 .text.USDOCLNT_Read
                0x000032ac       0x90 F:\LPCworkspace\lpcxpresso55s06_mcofd_manager\mcolibs\libMCOFD_MGR_LPC55xx_SDK.a(usdoclnt.o)
                0x000032ac                USDOCLNT_Read
 .text.USDOCLNT_HandleUSDOClientResponse
                0x0000333c      0x6a0 F:\LPCworkspace\lpcxpresso55s06_mcofd_manager\mcolibs\libMCOFD_MGR_LPC55xx_SDK.a(usdoclnt.o)
                0x0000333c                USDOCLNT_HandleUSDOClientResponse
 .text.USDOCLNT_USDOHandleClient
                0x000039dc      0x3e0 F:\LPCworkspace\lpcxpresso55s06_mcofd_manager\mcolibs\libMCOFD_MGR_LPC55xx_SDK.a(usdoclnt.o)
                0x000039dc                USDOCLNT_USDOHandleClient
 .text.MCAN_SetCANStdFilterRange
                0x00003dbc       0x78 F:\LPCworkspace\lpcxpresso55s06_mcofd_manager\mcolibs\libMCOFD_MGR_LPC55xx_SDK.a(mcohw_LPC54xxx.o)
                0x00003dbc                MCAN_SetCANStdFilterRange
 .text.MCOHW_GetStatus
                0x00003e34       0x70 F:\LPCworkspace\lpcxpresso55s06_mcofd_manager\mcolibs\libMCOFD_MGR_LPC55xx_SDK.a(mcohw_LPC54xxx.o)
                0x00003e34                MCOHW_GetStatus
 .text.MCOHW_PullMessage
                0x00003ea4       0x68 F:\LPCworkspace\lpcxpresso55s06_mcofd_manager\mcolibs\libMCOFD_MGR_LPC55xx_SDK.a(mcohw_LPC54xxx.o)
                0x00003ea4                MCOHW_PullMessage
 .text.MCOHWMGR_PullMessage
                0x00003f0c       0x68 F:\LPCworkspace\lpcxpresso55s06_mcofd_manager\mcolibs\libMCOFD_MGR_LPC55xx_SDK.a(mcohw_LPC54xxx.o)
                0x00003f0c                MCOHWMGR_PullMessage
 .text.MCOHW_PushMessage
                0x00003f74       0xc8 F:\LPCworkspace\lpcxpresso55s06_mcofd_manager\mcolibs\libMCOFD_MGR_LPC55xx_SDK.a(mcohw_LPC54xxx.o)
                0x00003f74                MCOHW_PushMessage
 .text.MCOHW_Tick
                0x0000403c       0x10 F:\LPCworkspace\lpcxpresso55s06_mcofd_manager\mcolibs\libMCOFD_MGR_LPC55xx_SDK.a(mcohw_LPC54xxx.o)
                0x0000403c                MCOHW_Tick
 .text.MCOHW_Init
                0x0000404c      0x2fc F:\LPCworkspace\lpcxpresso55s06_mcofd_manager\mcolibs\libMCOFD_MGR_LPC55xx_SDK.a(mcohw_LPC54xxx.o)
                0x0000404c                MCOHW_Init
 .text.MCOHW_SetCANFilter
                0x00004348       0x6c F:\LPCworkspace\lpcxpresso55s06_mcofd_manager\mcolibs\libMCOFD_MGR_LPC55xx_SDK.a(mcohw_LPC54xxx.o)
                0x00004348                MCOHW_SetCANFilter
 .text.MCOHW_ClearCANFilter
                0x000043b4       0x5c F:\LPCworkspace\lpcxpresso55s06_mcofd_manager\mcolibs\libMCOFD_MGR_LPC55xx_SDK.a(mcohw_LPC54xxx.o)
                0x000043b4                MCOHW_ClearCANFilter
 .text.MCOHW_GetTime
                0x00004410        0xc F:\LPCworkspace\lpcxpresso55s06_mcofd_manager\mcolibs\libMCOFD_MGR_LPC55xx_SDK.a(mcohw_LPC54xxx.o)
                0x00004410                MCOHW_GetTime
 .text.MCOHW_IsTimeExpired
                0x0000441c       0x2c F:\LPCworkspace\lpcxpresso55s06_mcofd_manager\mcolibs\libMCOFD_MGR_LPC55xx_SDK.a(mcohw_LPC54xxx.o)
                0x0000441c                MCOHW_IsTimeExpired
 .text.MCO_PrepareRPDOs
                0x00004448       0x50 F:\LPCworkspace\lpcxpresso55s06_mcofd_manager\mcolibs\libMCOFD_MGR_LPC55xx_SDK.a(mco.o)
 .text.MCO_PrepareTPDOs
                0x00004498       0x78 F:\LPCworkspace\lpcxpresso55s06_mcofd_manager\mcolibs\libMCOFD_MGR_LPC55xx_SDK.a(mco.o)
 .text.MCO_SwitchLEDs
                0x00004510      0x154 F:\LPCworkspace\lpcxpresso55s06_mcofd_manager\mcolibs\libMCOFD_MGR_LPC55xx_SDK.a(mco.o)
                0x00004510                MCO_SwitchLEDs
 .text.MCO_Init
                0x00004664      0x140 F:\LPCworkspace\lpcxpresso55s06_mcofd_manager\mcolibs\libMCOFD_MGR_LPC55xx_SDK.a(mco.o)
                0x00004664                MCO_Init
 .text.MCO_TransmitPDO
                0x000047a4       0x50 F:\LPCworkspace\lpcxpresso55s06_mcofd_manager\mcolibs\libMCOFD_MGR_LPC55xx_SDK.a(mco.o)
                0x000047a4                MCO_TransmitPDO
 .text.MCO_HandleNMTRequest
                0x000047f4       0xa0 F:\LPCworkspace\lpcxpresso55s06_mcofd_manager\mcolibs\libMCOFD_MGR_LPC55xx_SDK.a(mco.o)
                0x000047f4                MCO_HandleNMTRequest
 .text.MCO_InitRPDO
                0x00004894      0x174 F:\LPCworkspace\lpcxpresso55s06_mcofd_manager\mcolibs\libMCOFD_MGR_LPC55xx_SDK.a(mco.o)
                0x00004894                MCO_InitRPDO
 .text.MCO_ChangeRPDOID
                0x00004a08       0x7c F:\LPCworkspace\lpcxpresso55s06_mcofd_manager\mcolibs\libMCOFD_MGR_LPC55xx_SDK.a(mco.o)
                0x00004a08                MCO_ChangeRPDOID
 .text.MCO_ChangeTPDOID
                0x00004a84       0x54 F:\LPCworkspace\lpcxpresso55s06_mcofd_manager\mcolibs\libMCOFD_MGR_LPC55xx_SDK.a(mco.o)
                0x00004a84                MCO_ChangeTPDOID
 .text.MCO_ProcessStackRx
                0x00004ad8      0x2a4 F:\LPCworkspace\lpcxpresso55s06_mcofd_manager\mcolibs\libMCOFD_MGR_LPC55xx_SDK.a(mco.o)
                0x00004ad8                MCO_ProcessStackRx
 .text.MCO_ProcessStackTick
                0x00004d7c      0x2c4 F:\LPCworkspace\lpcxpresso55s06_mcofd_manager\mcolibs\libMCOFD_MGR_LPC55xx_SDK.a(mco.o)
                0x00004d7c                MCO_ProcessStackTick
 .text.MCO_SearchOD
                0x00005040       0x48 F:\LPCworkspace\lpcxpresso55s06_mcofd_manager\mcolibs\libMCOFD_MGR_LPC55xx_SDK.a(mco.o)
                0x00005040                MCO_SearchOD
 .text.MCO_InitTPDO
                0x00005088      0x168 F:\LPCworkspace\lpcxpresso55s06_mcofd_manager\mcolibs\libMCOFD_MGR_LPC55xx_SDK.a(mco.o)
                0x00005088                MCO_InitTPDO
 .text.MCO_InitTPDOFull
                0x000051f0       0x60 F:\LPCworkspace\lpcxpresso55s06_mcofd_manager\mcolibs\libMCOFD_MGR_LPC55xx_SDK.a(mco.o)
                0x000051f0                MCO_InitTPDOFull
 .text.MCO_SearchODProcTable
                0x00005250       0x3c F:\LPCworkspace\lpcxpresso55s06_mcofd_manager\mcolibs\libMCOFD_MGR_LPC55xx_SDK.a(mco.o)
                0x00005250                MCO_SearchODProcTable
 .text.MCO_ReadProcessData
                0x0000528c       0x18 F:\LPCworkspace\lpcxpresso55s06_mcofd_manager\mcolibs\libMCOFD_MGR_LPC55xx_SDK.a(mcop.o)
                0x0000528c                MCO_ReadProcessData
 .text.MCO_WriteProcessData
                0x000052a4       0x18 F:\LPCworkspace\lpcxpresso55s06_mcofd_manager\mcolibs\libMCOFD_MGR_LPC55xx_SDK.a(mcop.o)
                0x000052a4                MCO_WriteProcessData
 .text.MCOP_ErrField_Flush
                0x000052bc       0x10 F:\LPCworkspace\lpcxpresso55s06_mcofd_manager\mcolibs\libMCOFD_MGR_LPC55xx_SDK.a(mcop.o)
                0x000052bc                MCOP_ErrField_Flush
 .text.MCOP_ErrField_Get
                0x000052cc       0x58 F:\LPCworkspace\lpcxpresso55s06_mcofd_manager\mcolibs\libMCOFD_MGR_LPC55xx_SDK.a(mcop.o)
                0x000052cc                MCOP_ErrField_Get
 .text.MCOP_ErrField_Find
                0x00005324       0x30 F:\LPCworkspace\lpcxpresso55s06_mcofd_manager\mcolibs\libMCOFD_MGR_LPC55xx_SDK.a(mcop.o)
                0x00005324                MCOP_ErrField_Find
 .text.MCOP_ErrField_Remove
                0x00005354       0x68 F:\LPCworkspace\lpcxpresso55s06_mcofd_manager\mcolibs\libMCOFD_MGR_LPC55xx_SDK.a(mcop.o)
                0x00005354                MCOP_ErrField_Remove
 .text.MCOP_ErrField_AddUpdate
                0x000053bc       0x5c F:\LPCworkspace\lpcxpresso55s06_mcofd_manager\mcolibs\libMCOFD_MGR_LPC55xx_SDK.a(mcop.o)
                0x000053bc                MCOP_ErrField_AddUpdate
 .text.MCOP_PushEMCY
                0x00005418       0x90 F:\LPCworkspace\lpcxpresso55s06_mcofd_manager\mcolibs\libMCOFD_MGR_LPC55xx_SDK.a(mcop.o)
                0x00005418                MCOP_PushEMCY
 .text.MCOP_HandleSYNC
                0x000054a8      0x2d4 F:\LPCworkspace\lpcxpresso55s06_mcofd_manager\mcolibs\libMCOFD_MGR_LPC55xx_SDK.a(mcop.o)
                0x000054a8                MCOP_HandleSYNC
 .text.USDO_GetODEntryInfo
                0x0000577c       0x60 F:\LPCworkspace\lpcxpresso55s06_mcofd_manager\mcolibs\libMCOFD_MGR_LPC55xx_SDK.a(usdo.o)
 .text.USDO_SetUpServer
                0x000057dc       0x70 F:\LPCworkspace\lpcxpresso55s06_mcofd_manager\mcolibs\libMCOFD_MGR_LPC55xx_SDK.a(usdo.o)
 .text.USDO_ReadNextSegment
                0x0000584c       0x80 F:\LPCworkspace\lpcxpresso55s06_mcofd_manager\mcolibs\libMCOFD_MGR_LPC55xx_SDK.a(usdo.o)
 .text.USDO_SearchODGenTable
                0x000058cc       0x6c F:\LPCworkspace\lpcxpresso55s06_mcofd_manager\mcolibs\libMCOFD_MGR_LPC55xx_SDK.a(usdo.o)
                0x000058cc                USDO_SearchODGenTable
 .text.USDO_HandlePDOComParam
                0x00005938      0x340 F:\LPCworkspace\lpcxpresso55s06_mcofd_manager\mcolibs\libMCOFD_MGR_LPC55xx_SDK.a(usdo.o)
                0x00005938                USDO_HandlePDOComParam
 .text.USDO_HandleUSDORequest
                0x00005c78      0xf34 F:\LPCworkspace\lpcxpresso55s06_mcofd_manager\mcolibs\libMCOFD_MGR_LPC55xx_SDK.a(usdo.o)
                0x00005c78                USDO_HandleUSDORequest
 .text.USDO_CheckProgress
                0x00006bac       0x7c F:\LPCworkspace\lpcxpresso55s06_mcofd_manager\mcolibs\libMCOFD_MGR_LPC55xx_SDK.a(usdo.o)
                0x00006bac                USDO_CheckProgress
 .text.MCAN_GetDefaultConfig
                0x00006c28       0x34 F:\LPCworkspace\lpcxpresso55s06_mcofd_manager\mcolibs\libMCOFD_MGR_LPC55xx_SDK.a(fsl_mcan.o)
                0x00006c28                MCAN_GetDefaultConfig
 .text.MCAN_SetDataTimingConfig
                0x00006c5c       0x38 F:\LPCworkspace\lpcxpresso55s06_mcofd_manager\mcolibs\libMCOFD_MGR_LPC55xx_SDK.a(fsl_mcan.o)
                0x00006c5c                MCAN_SetDataTimingConfig
 .text.MCAN_SetArbitrationTimingConfig
                0x00006c94       0x34 F:\LPCworkspace\lpcxpresso55s06_mcofd_manager\mcolibs\libMCOFD_MGR_LPC55xx_SDK.a(fsl_mcan.o)
                0x00006c94                MCAN_SetArbitrationTimingConfig
 .text.MCAN_Init
                0x00006cc8      0x10c F:\LPCworkspace\lpcxpresso55s06_mcofd_manager\mcolibs\libMCOFD_MGR_LPC55xx_SDK.a(fsl_mcan.o)
                0x00006cc8                MCAN_Init
 .text.CAN0_IRQ0_DriverIRQHandler
                0x00006dd4       0x18 F:\LPCworkspace\lpcxpresso55s06_mcofd_manager\mcolibs\libMCOFD_MGR_LPC55xx_SDK.a(fsl_mcan.o)
                0x00006dd4                CAN0_IRQ0_DriverIRQHandler
 .text._Cwritebuf
                0x00006dec       0x6c f:/mcuxpressoide_11.3.1_5262/ide/plugins/com.nxp.mcuxpresso.tools.win32_11.3.0.202008311133/tools/bin/../lib/gcc/arm-none-eabi/9.3.1/../../../../arm-none-eabi/lib/thumb/v8-m.main+fp/hard\libcr_c.a(_writebuf.o)
                0x00006dec                _Cwritebuf
 .text.fseek    0x00006e58      0x100 f:/mcuxpressoide_11.3.1_5262/ide/plugins/com.nxp.mcuxpresso.tools.win32_11.3.0.202008311133/tools/bin/../lib/gcc/arm-none-eabi/9.3.1/../../../../arm-none-eabi/lib/thumb/v8-m.main+fp/hard\libcr_c.a(fseek.o)
                0x00006e58                fseek
 .text.ftell    0x00006f58       0x44 f:/mcuxpressoide_11.3.1_5262/ide/plugins/com.nxp.mcuxpresso.tools.win32_11.3.0.202008311133/tools/bin/../lib/gcc/arm-none-eabi/9.3.1/../../../../arm-none-eabi/lib/thumb/v8-m.main+fp/hard\libcr_c.a(ftell.o)
                0x00006f58                ftell
 .text._initio  0x00006f9c       0x78 f:/mcuxpressoide_11.3.1_5262/ide/plugins/com.nxp.mcuxpresso.tools.win32_11.3.0.202008311133/tools/bin/../lib/gcc/arm-none-eabi/9.3.1/../../../../arm-none-eabi/lib/thumb/v8-m.main+fp/hard\libcr_c.a(initio.o)
                0x00006f9c                _initio
 .text.fflush   0x00007014       0x44 f:/mcuxpressoide_11.3.1_5262/ide/plugins/com.nxp.mcuxpresso.tools.win32_11.3.0.202008311133/tools/bin/../lib/gcc/arm-none-eabi/9.3.1/../../../../arm-none-eabi/lib/thumb/v8-m.main+fp/hard\libcr_c.a(fflush.o)
                0x00007014                fflush
 .text.DbgConsole_PrintCallback
                0x00007058       0x66 ./utilities/fsl_debug_console.o
 .text.PrintGetWidth
                0x000070be       0x6a ./utilities/fsl_str.o
 .text.PrintGetPrecision
                0x00007128       0x8c ./utilities/fsl_str.o
 .text.PrintIsobpu
                0x000071b4       0x38 ./utilities/fsl_str.o
 .text.PrintIsdi
                0x000071ec       0x2c ./utilities/fsl_str.o
 .text.PrintOutputdifFobpu
                0x00007218       0x44 ./utilities/fsl_str.o
 .text.PrintOutputxX
                0x0000725c       0x44 ./utilities/fsl_str.o
 .text.PrintIsfF
                0x000072a0       0x2c ./utilities/fsl_str.o
 .text.PrintIsxX
                0x000072cc       0x2c ./utilities/fsl_str.o
 .text.PrintGetRadixFromobpu
                0x000072f8       0x40 ./utilities/fsl_str.o
 .text.ConvertRadixNumToString
                0x00007338      0x118 ./utilities/fsl_str.o
 .text.StrFormatPrintf
                0x00007450      0x286 ./utilities/fsl_str.o
                0x00007450                StrFormatPrintf
 .text.WDT_BOD_IRQHandler
                0x000076d6        0x8 ./startup/startup_lpc55s06.o
                0x000076d6                WDT_BOD_IRQHandler
 .text.DMA0_IRQHandler
                0x000076de        0x8 ./startup/startup_lpc55s06.o
                0x000076de                DMA0_IRQHandler
 .text.GINT0_IRQHandler
                0x000076e6        0x8 ./startup/startup_lpc55s06.o
                0x000076e6                GINT0_IRQHandler
 .text.GINT1_IRQHandler
                0x000076ee        0x8 ./startup/startup_lpc55s06.o
                0x000076ee                GINT1_IRQHandler
 .text.PIN_INT0_IRQHandler
                0x000076f6        0x8 ./startup/startup_lpc55s06.o
                0x000076f6                PIN_INT0_IRQHandler
 .text.PIN_INT1_IRQHandler
                0x000076fe        0x8 ./startup/startup_lpc55s06.o
                0x000076fe                PIN_INT1_IRQHandler
 .text.PIN_INT2_IRQHandler
                0x00007706        0x8 ./startup/startup_lpc55s06.o
                0x00007706                PIN_INT2_IRQHandler
 .text.PIN_INT3_IRQHandler
                0x0000770e        0x8 ./startup/startup_lpc55s06.o
                0x0000770e                PIN_INT3_IRQHandler
 .text.UTICK0_IRQHandler
                0x00007716        0x8 ./startup/startup_lpc55s06.o
                0x00007716                UTICK0_IRQHandler
 .text.MRT0_IRQHandler
                0x0000771e        0x8 ./startup/startup_lpc55s06.o
                0x0000771e                MRT0_IRQHandler
 .text.CTIMER0_IRQHandler
                0x00007726        0x8 ./startup/startup_lpc55s06.o
                0x00007726                CTIMER0_IRQHandler
 .text.CTIMER1_IRQHandler
                0x0000772e        0x8 ./startup/startup_lpc55s06.o
                0x0000772e                CTIMER1_IRQHandler
 .text.SCT0_IRQHandler
                0x00007736        0x8 ./startup/startup_lpc55s06.o
                0x00007736                SCT0_IRQHandler
 .text.CTIMER3_IRQHandler
                0x0000773e        0x8 ./startup/startup_lpc55s06.o
                0x0000773e                CTIMER3_IRQHandler
 .text.FLEXCOMM0_IRQHandler
                0x00007746        0x8 ./startup/startup_lpc55s06.o
                0x00007746                FLEXCOMM0_IRQHandler
 .text.FLEXCOMM1_IRQHandler
                0x0000774e        0x8 ./startup/startup_lpc55s06.o
                0x0000774e                FLEXCOMM1_IRQHandler
 .text.FLEXCOMM2_IRQHandler
                0x00007756        0x8 ./startup/startup_lpc55s06.o
                0x00007756                FLEXCOMM2_IRQHandler
 .text.FLEXCOMM3_IRQHandler
                0x0000775e        0x8 ./startup/startup_lpc55s06.o
                0x0000775e                FLEXCOMM3_IRQHandler
 .text.FLEXCOMM4_IRQHandler
                0x00007766        0x8 ./startup/startup_lpc55s06.o
                0x00007766                FLEXCOMM4_IRQHandler
 .text.FLEXCOMM5_IRQHandler
                0x0000776e        0x8 ./startup/startup_lpc55s06.o
                0x0000776e                FLEXCOMM5_IRQHandler
 .text.FLEXCOMM6_IRQHandler
                0x00007776        0x8 ./startup/startup_lpc55s06.o
                0x00007776                FLEXCOMM6_IRQHandler
 .text.FLEXCOMM7_IRQHandler
                0x0000777e        0x8 ./startup/startup_lpc55s06.o
                0x0000777e                FLEXCOMM7_IRQHandler
 .text.ADC0_IRQHandler
                0x00007786        0x8 ./startup/startup_lpc55s06.o
                0x00007786                ADC0_IRQHandler
 .text.Reserved39_IRQHandler
                0x0000778e        0x8 ./startup/startup_lpc55s06.o
                0x0000778e                Reserved39_IRQHandler
 .text.ACMP_IRQHandler
                0x00007796        0x8 ./startup/startup_lpc55s06.o
                0x00007796                ACMP_IRQHandler
 .text.Reserved41_IRQHandler
                0x0000779e        0x8 ./startup/startup_lpc55s06.o
                0x0000779e                Reserved41_IRQHandler
 .text.Reserved42_IRQHandler
                0x000077a6        0x8 ./startup/startup_lpc55s06.o
                0x000077a6                Reserved42_IRQHandler
 .text.Reserved43_IRQHandler
                0x000077ae        0x8 ./startup/startup_lpc55s06.o
                0x000077ae                Reserved43_IRQHandler
 .text.Reserved44_IRQHandler
                0x000077b6        0x8 ./startup/startup_lpc55s06.o
                0x000077b6                Reserved44_IRQHandler
 .text.RTC_IRQHandler
                0x000077be        0x8 ./startup/startup_lpc55s06.o
                0x000077be                RTC_IRQHandler
 .text.Reserved46_IRQHandler
                0x000077c6        0x8 ./startup/startup_lpc55s06.o
                0x000077c6                Reserved46_IRQHandler
 .text.Reserved47_IRQHandler
                0x000077ce        0x8 ./startup/startup_lpc55s06.o
                0x000077ce                Reserved47_IRQHandler
 .text.PIN_INT4_IRQHandler
                0x000077d6        0x8 ./startup/startup_lpc55s06.o
                0x000077d6                PIN_INT4_IRQHandler
 .text.PIN_INT5_IRQHandler
                0x000077de        0x8 ./startup/startup_lpc55s06.o
                0x000077de                PIN_INT5_IRQHandler
 .text.PIN_INT6_IRQHandler
                0x000077e6        0x8 ./startup/startup_lpc55s06.o
                0x000077e6                PIN_INT6_IRQHandler
 .text.PIN_INT7_IRQHandler
                0x000077ee        0x8 ./startup/startup_lpc55s06.o
                0x000077ee                PIN_INT7_IRQHandler
 .text.CTIMER2_IRQHandler
                0x000077f6        0x8 ./startup/startup_lpc55s06.o
                0x000077f6                CTIMER2_IRQHandler
 .text.CTIMER4_IRQHandler
                0x000077fe        0x8 ./startup/startup_lpc55s06.o
                0x000077fe                CTIMER4_IRQHandler
 .text.OS_EVENT_IRQHandler
                0x00007806        0x8 ./startup/startup_lpc55s06.o
                0x00007806                OS_EVENT_IRQHandler
 .text.Reserved55_IRQHandler
                0x0000780e        0x8 ./startup/startup_lpc55s06.o
                0x0000780e                Reserved55_IRQHandler
 .text.Reserved56_IRQHandler
                0x00007816        0x8 ./startup/startup_lpc55s06.o
                0x00007816                Reserved56_IRQHandler
 .text.Reserved57_IRQHandler
                0x0000781e        0x8 ./startup/startup_lpc55s06.o
                0x0000781e                Reserved57_IRQHandler
 .text.Reserved58_IRQHandler
                0x00007826        0x8 ./startup/startup_lpc55s06.o
                0x00007826                Reserved58_IRQHandler
 .text.CAN0_IRQ0_IRQHandler
                0x0000782e        0x8 ./startup/startup_lpc55s06.o
                0x0000782e                CAN0_IRQ0_IRQHandler
 .text.CAN0_IRQ1_IRQHandler
                0x00007836        0x8 ./startup/startup_lpc55s06.o
                0x00007836                CAN0_IRQ1_IRQHandler
 .text.Reserved61_IRQHandler
                0x0000783e        0x8 ./startup/startup_lpc55s06.o
                0x0000783e                Reserved61_IRQHandler
 .text.Reserved62_IRQHandler
                0x00007846        0x8 ./startup/startup_lpc55s06.o
                0x00007846                Reserved62_IRQHandler
 .text.Reserved63_IRQHandler
                0x0000784e        0x8 ./startup/startup_lpc55s06.o
                0x0000784e                Reserved63_IRQHandler
 .text.Reserved64_IRQHandler
                0x00007856        0x8 ./startup/startup_lpc55s06.o
                0x00007856                Reserved64_IRQHandler
 .text.SEC_HYPERVISOR_CALL_IRQHandler
                0x0000785e        0x8 ./startup/startup_lpc55s06.o
                0x0000785e                SEC_HYPERVISOR_CALL_IRQHandler
 .text.SEC_GPIO_INT0_IRQ0_IRQHandler
                0x00007866        0x8 ./startup/startup_lpc55s06.o
                0x00007866                SEC_GPIO_INT0_IRQ0_IRQHandler
 .text.SEC_GPIO_INT0_IRQ1_IRQHandler
                0x0000786e        0x8 ./startup/startup_lpc55s06.o
                0x0000786e                SEC_GPIO_INT0_IRQ1_IRQHandler
 .text.PLU_IRQHandler
                0x00007876        0x8 ./startup/startup_lpc55s06.o
                0x00007876                PLU_IRQHandler
 .text.SEC_VIO_IRQHandler
                0x0000787e        0x8 ./startup/startup_lpc55s06.o
                0x0000787e                SEC_VIO_IRQHandler
 .text.HASHCRYPT_IRQHandler
                0x00007886        0x8 ./startup/startup_lpc55s06.o
                0x00007886                HASHCRYPT_IRQHandler
 .text.CASER_IRQHandler
                0x0000788e        0x8 ./startup/startup_lpc55s06.o
                0x0000788e                CASER_IRQHandler
 .text.PUF_IRQHandler
                0x00007896        0x8 ./startup/startup_lpc55s06.o
                0x00007896                PUF_IRQHandler
 .text.Reserved73_IRQHandler
                0x0000789e        0x8 ./startup/startup_lpc55s06.o
                0x0000789e                Reserved73_IRQHandler
 .text.DMA1_IRQHandler
                0x000078a6        0x8 ./startup/startup_lpc55s06.o
                0x000078a6                DMA1_IRQHandler
 .text.FLEXCOMM8_IRQHandler
                0x000078ae        0x8 ./startup/startup_lpc55s06.o
                0x000078ae                FLEXCOMM8_IRQHandler
 .text.CodeWDG_IRQHandler
                0x000078b6        0x8 ./startup/startup_lpc55s06.o
                0x000078b6                CodeWDG_IRQHandler
 .text.SysTick_Handler
                0x000078be        0xc ./source/main.o
                0x000078be                SysTick_Handler
 .text.GPIO_PinWrite
                0x000078ca       0x2a ./source/mco_libcb.o
 .text.LIBCB_GetProcImgSize
                0x000078f4       0x12 ./source/mco_libcb.o
                0x000078f4                LIBCB_GetProcImgSize
 .text.HardFault_Handler
                0x00007906       0x2c ./source/semihost_hardfault.o
                0x00007906                HardFault_Handler
 .text.CLOCK_IsPLL0Locked
                0x00007932       0x24 ./drivers/fsl_clock.o
 .text.findPll0PreDiv
                0x00007956       0x3e ./drivers/fsl_clock.o
 .text.DelayLoop
                0x00007994       0x20 ./drivers/fsl_common.o
 .text.CLOCK_EnableClock
                0x000079b4       0x30 ./drivers/fsl_flexcomm.o
 .text.FLEXCOMM_PeripheralIsPresent
                0x000079e4       0x64 ./drivers/fsl_flexcomm.o
 .text.FLEXCOMM_SetPeriph
                0x00007a48       0x74 ./drivers/fsl_flexcomm.o
 .text.CLOCK_EnableClock
                0x00007abc       0x30 ./drivers/fsl_gpio.o
 .text.GPIO_PinInit
                0x00007aec       0xa0 ./drivers/fsl_gpio.o
                0x00007aec                GPIO_PinInit
 .text.lowpower_set_voltage_for_process
                0x00007b8c       0xaa ./drivers/fsl_power.o
 .text.RESET_PeripheralReset
                0x00007c36       0x1c ./drivers/fsl_reset.o
                0x00007c36                RESET_PeripheralReset
 .text.USART_EnableContinuousSCLK
                0x00007c52       0x38 ./drivers/fsl_usart.o
 .text.SystemInitHook
                0x00007c8a        0xe ./device/system_LPC55S06.o
                0x00007c8a                SystemInitHook
 .text.HAL_UartGetStatus
                0x00007c98       0x22 ./component/uart/usart_adapter.o
 .text.DisableGlobalIRQ
                0x00007cba       0x22 ./component/serial_manager/serial_manager.o
 .text.EnableGlobalIRQ
                0x00007cdc       0x20 ./component/serial_manager/serial_manager.o
 .text.SerialManager_StartWriting
                0x00007cfc       0x38 ./component/serial_manager/serial_manager.o
 .text.SerialManager_WriteBlocking
                0x00007d34       0x20 ./component/serial_manager/serial_manager.o
                0x00007d34                SerialManager_WriteBlocking
 .text.CLOCK_EnableClock
                0x00007d54       0x30 ./board/pin_mux.o
 .text.IOCON_PinMuxSet
                0x00007d84       0x2e ./board/pin_mux.o
 .text.MCOUSER_RPDOReceived
                0x00007db2       0x1e ./MCO-Config/user_cbdata.o
                0x00007db2                MCOUSER_RPDOReceived
 .text.MCOUSER_ODData
                0x00007dd0       0x20 ./MCO-Config/user_cbdata.o
                0x00007dd0                MCOUSER_ODData
 .text.MCOUSER_TPDOReady
                0x00007df0       0x28 ./MCO-Config/user_cbdata.o
                0x00007df0                MCOUSER_TPDOReady
 .text.MCOUSER_SYNCReceived
                0x00007e18        0xe ./MCO-Config/user_cbdata.o
                0x00007e18                MCOUSER_SYNCReceived
 .text.MCOUSER_SDORdPI
                0x00007e26       0x2a ./MCO-Config/user_cbdata.o
                0x00007e26                MCOUSER_SDORdPI
 .text.MCOUSER_SDORdAft
                0x00007e50       0x28 ./MCO-Config/user_cbdata.o
                0x00007e50                MCOUSER_SDORdAft
 .text.MCOUSER_SDOWrPI
                0x00007e78       0x2a ./MCO-Config/user_cbdata.o
                0x00007e78                MCOUSER_SDOWrPI
 .text.MCOUSER_SDOWrAft
                0x00007ea2       0x28 ./MCO-Config/user_cbdata.o
                0x00007ea2                MCOUSER_SDOWrAft
 .text.MCOUSER_AppSDOReadInit
                0x00007eca       0x22 ./MCO-Config/user_cbdata.o
                0x00007eca                MCOUSER_AppSDOReadInit
 .text.MCOUSER_AppSDOReadComplete
                0x00007eec       0x20 ./MCO-Config/user_cbdata.o
                0x00007eec                MCOUSER_AppSDOReadComplete
 .text.MCOUSER_AppSDOWriteInit
                0x00007f0c       0x22 ./MCO-Config/user_cbdata.o
                0x00007f0c                MCOUSER_AppSDOWriteInit
 .text.MCOUSER_AppSDOWriteComplete
                0x00007f2e       0x22 ./MCO-Config/user_cbdata.o
                0x00007f2e                MCOUSER_AppSDOWriteComplete
 .text.MGR_ProcessMgr
                0x00007f50       0x12 F:\LPCworkspace\lpcxpresso55s06_mcofd_manager\mcolibs\libMCOFD_MGR_LPC55xx_SDK.a(comgr.o)
                0x00007f50                MGR_ProcessMgr
 .text.node_get_idx
                0x00007f62       0x20 F:\LPCworkspace\lpcxpresso55s06_mcofd_manager\mcolibs\libMCOFD_MGR_LPC55xx_SDK.a(usdoclnt.o)
 .text.node_add
                0x00007f82       0x28 F:\LPCworkspace\lpcxpresso55s06_mcofd_manager\mcolibs\libMCOFD_MGR_LPC55xx_SDK.a(usdoclnt.o)
 .text.USDOCLNT_AbortTransfer
                0x00007faa       0x36 F:\LPCworkspace\lpcxpresso55s06_mcofd_manager\mcolibs\libMCOFD_MGR_LPC55xx_SDK.a(usdoclnt.o)
                0x00007faa                USDOCLNT_AbortTransfer
 .text.USDOCLNT_GetStatus
                0x00007fe0       0x32 F:\LPCworkspace\lpcxpresso55s06_mcofd_manager\mcolibs\libMCOFD_MGR_LPC55xx_SDK.a(usdoclnt.o)
                0x00007fe0                USDOCLNT_GetStatus
 .text.USDOCLNT_BlockUntilCompleted
                0x00008012       0x18 F:\LPCworkspace\lpcxpresso55s06_mcofd_manager\mcolibs\libMCOFD_MGR_LPC55xx_SDK.a(usdoclnt.o)
                0x00008012                USDOCLNT_BlockUntilCompleted
 .text.USDOCLNT_ReadCycle
                0x0000802a       0x4a F:\LPCworkspace\lpcxpresso55s06_mcofd_manager\mcolibs\libMCOFD_MGR_LPC55xx_SDK.a(usdoclnt.o)
                0x0000802a                USDOCLNT_ReadCycle
 .text.FLEXCAN_DecodeDLC
                0x00008074       0x36 F:\LPCworkspace\lpcxpresso55s06_mcofd_manager\mcolibs\libMCOFD_MGR_LPC55xx_SDK.a(mcohw_LPC54xxx.o)
 .text.MCAN_GetSTDFilterElement
                0x000080aa       0x1c F:\LPCworkspace\lpcxpresso55s06_mcofd_manager\mcolibs\libMCOFD_MGR_LPC55xx_SDK.a(mcohw_LPC54xxx.o)
                0x000080aa                MCAN_GetSTDFilterElement
 .text.MCAN_WriteTxFIFO
                0x000080c6       0x34 F:\LPCworkspace\lpcxpresso55s06_mcofd_manager\mcolibs\libMCOFD_MGR_LPC55xx_SDK.a(mcohw_LPC54xxx.o)
                0x000080c6                MCAN_WriteTxFIFO
 .text.MCOHW_SetCANFilterRange
                0x000080fa        0xc F:\LPCworkspace\lpcxpresso55s06_mcofd_manager\mcolibs\libMCOFD_MGR_LPC55xx_SDK.a(mcohw_LPC54xxx.o)
                0x000080fa                MCOHW_SetCANFilterRange
 .text.MCOHWMGR_SetCANFilterRange
                0x00008106        0xc F:\LPCworkspace\lpcxpresso55s06_mcofd_manager\mcolibs\libMCOFD_MGR_LPC55xx_SDK.a(mcohw_LPC54xxx.o)
                0x00008106                MCOHWMGR_SetCANFilterRange
 .text.MCOHWMGR_SetCANFilter
                0x00008112       0x52 F:\LPCworkspace\lpcxpresso55s06_mcofd_manager\mcolibs\libMCOFD_MGR_LPC55xx_SDK.a(mcohw_LPC54xxx.o)
                0x00008112                MCOHWMGR_SetCANFilter
 .text.MCO_ProcessStack
                0x00008164       0x14 F:\LPCworkspace\lpcxpresso55s06_mcofd_manager\mcolibs\libMCOFD_MGR_LPC55xx_SDK.a(mco.o)
                0x00008164                MCO_ProcessStack
 .text.USDO_SendConfirm
                0x00008178       0x28 F:\LPCworkspace\lpcxpresso55s06_mcofd_manager\mcolibs\libMCOFD_MGR_LPC55xx_SDK.a(usdo.o)
 .text.USDO_SendUSDOAbort
                0x000081a0       0x26 F:\LPCworkspace\lpcxpresso55s06_mcofd_manager\mcolibs\libMCOFD_MGR_LPC55xx_SDK.a(usdo.o)
 .text.USDO_Reply.constprop.1
                0x000081c6       0x1e F:\LPCworkspace\lpcxpresso55s06_mcofd_manager\mcolibs\libMCOFD_MGR_LPC55xx_SDK.a(usdo.o)
 .text.USDO_ReplyWith.part.0
                0x000081e4       0x34 F:\LPCworkspace\lpcxpresso55s06_mcofd_manager\mcolibs\libMCOFD_MGR_LPC55xx_SDK.a(usdo.o)
 .text.MCAN_EnterNormalMode
                0x00008218       0x10 F:\LPCworkspace\lpcxpresso55s06_mcofd_manager\mcolibs\libMCOFD_MGR_LPC55xx_SDK.a(fsl_mcan.o)
                0x00008218                MCAN_EnterNormalMode
 .text.MCAN_SetFilterConfig
                0x00008228       0x66 F:\LPCworkspace\lpcxpresso55s06_mcofd_manager\mcolibs\libMCOFD_MGR_LPC55xx_SDK.a(fsl_mcan.o)
                0x00008228                MCAN_SetFilterConfig
 .text.MCAN_SetRxFifo0Config
                0x0000828e       0x42 F:\LPCworkspace\lpcxpresso55s06_mcofd_manager\mcolibs\libMCOFD_MGR_LPC55xx_SDK.a(fsl_mcan.o)
                0x0000828e                MCAN_SetRxFifo0Config
 .text.MCAN_SetRxFifo1Config
                0x000082d0       0x44 F:\LPCworkspace\lpcxpresso55s06_mcofd_manager\mcolibs\libMCOFD_MGR_LPC55xx_SDK.a(fsl_mcan.o)
                0x000082d0                MCAN_SetRxFifo1Config
 .text.MCAN_SetTxBufferConfig
                0x00008314       0x46 F:\LPCworkspace\lpcxpresso55s06_mcofd_manager\mcolibs\libMCOFD_MGR_LPC55xx_SDK.a(fsl_mcan.o)
                0x00008314                MCAN_SetTxBufferConfig
 .text.MCAN_SetSTDFilterElement
                0x0000835a       0x1c F:\LPCworkspace\lpcxpresso55s06_mcofd_manager\mcolibs\libMCOFD_MGR_LPC55xx_SDK.a(fsl_mcan.o)
                0x0000835a                MCAN_SetSTDFilterElement
 .text.MCAN_WriteTxBuffer
                0x00008376       0x5c F:\LPCworkspace\lpcxpresso55s06_mcofd_manager\mcolibs\libMCOFD_MGR_LPC55xx_SDK.a(fsl_mcan.o)
                0x00008376                MCAN_WriteTxBuffer
 .text.MCAN_ReadRxFifo
                0x000083d2       0x86 F:\LPCworkspace\lpcxpresso55s06_mcofd_manager\mcolibs\libMCOFD_MGR_LPC55xx_SDK.a(fsl_mcan.o)
                0x000083d2                MCAN_ReadRxFifo
 .text.CAN0_IRQ1_DriverIRQHandler
                0x00008458        0x4 F:\LPCworkspace\lpcxpresso55s06_mcofd_manager\mcolibs\libMCOFD_MGR_LPC55xx_SDK.a(fsl_mcan.o)
                0x00008458                CAN0_IRQ1_DriverIRQHandler
 .text.__main   0x0000845c        0xe f:/mcuxpressoide_11.3.1_5262/ide/plugins/com.nxp.mcuxpresso.tools.win32_11.3.0.202008311133/tools/bin/../lib/gcc/arm-none-eabi/9.3.1/../../../../arm-none-eabi/lib/thumb/v8-m.main+fp/hard\libcr_nohost_nf.a(_cr__main.o)
                0x0000845c                __main
 .text.memcpy   0x0000846a        0x4 f:/mcuxpressoide_11.3.1_5262/ide/plugins/com.nxp.mcuxpresso.tools.win32_11.3.0.202008311133/tools/bin/../lib/gcc/arm-none-eabi/9.3.1/../../../../arm-none-eabi/lib/thumb/v8-m.main+fp/hard\libcr_c.a(memcpy.o)
                0x0000846a                memcpy
 .text.memset   0x0000846e        0x4 f:/mcuxpressoide_11.3.1_5262/ide/plugins/com.nxp.mcuxpresso.tools.win32_11.3.0.202008311133/tools/bin/../lib/gcc/arm-none-eabi/9.3.1/../../../../arm-none-eabi/lib/thumb/v8-m.main+fp/hard\libcr_c.a(memset.o)
                0x0000846e                memset
 .text._deferredlazyseek
                0x00008472       0x40 f:/mcuxpressoide_11.3.1_5262/ide/plugins/com.nxp.mcuxpresso.tools.win32_11.3.0.202008311133/tools/bin/../lib/gcc/arm-none-eabi/9.3.1/../../../../arm-none-eabi/lib/thumb/v8-m.main+fp/hard\libcr_c.a(_deferredlazyseek.o)
                0x00008472                _deferredlazyseek
 .text._fflush  0x000084b2       0x52 f:/mcuxpressoide_11.3.1_5262/ide/plugins/com.nxp.mcuxpresso.tools.win32_11.3.0.202008311133/tools/bin/../lib/gcc/arm-none-eabi/9.3.1/../../../../arm-none-eabi/lib/thumb/v8-m.main+fp/hard\libcr_c.a(_fflush.o)
                0x000084b2                _fflush
 .text.free     0x00008504       0x30 f:/mcuxpressoide_11.3.1_5262/ide/plugins/com.nxp.mcuxpresso.tools.win32_11.3.0.202008311133/tools/bin/../lib/gcc/arm-none-eabi/9.3.1/../../../../arm-none-eabi/lib/thumb/v8-m.main+fp/hard\libcr_c.a(alloc.o)
                0x00008504                free
 .text.memcmp   0x00008534       0x42 f:/mcuxpressoide_11.3.1_5262/ide/plugins/com.nxp.mcuxpresso.tools.win32_11.3.0.202008311133/tools/bin/../lib/gcc/arm-none-eabi/9.3.1/../../../../arm-none-eabi/lib/thumb/v8-m.main+fp/hard\libcr_c.a(memcmp.o)
                0x00008534                memcmp
 .text.setvbuf  0x00008576       0x3e f:/mcuxpressoide_11.3.1_5262/ide/plugins/com.nxp.mcuxpresso.tools.win32_11.3.0.202008311133/tools/bin/../lib/gcc/arm-none-eabi/9.3.1/../../../../arm-none-eabi/lib/thumb/v8-m.main+fp/hard\libcr_c.a(setvbuf.o)
                0x00008576                setvbuf
 .text.strlen   0x000085b4       0x4c f:/mcuxpressoide_11.3.1_5262/ide/plugins/com.nxp.mcuxpresso.tools.win32_11.3.0.202008311133/tools/bin/../lib/gcc/arm-none-eabi/9.3.1/../../../../arm-none-eabi/lib/thumb/v8-m.main+fp/hard\libcr_c.a(strlen.o)
                0x000085b4                strlen
 .text._fdopen  0x00008600       0x68 f:/mcuxpressoide_11.3.1_5262/ide/plugins/com.nxp.mcuxpresso.tools.win32_11.3.0.202008311133/tools/bin/../lib/gcc/arm-none-eabi/9.3.1/../../../../arm-none-eabi/lib/thumb/v8-m.main+fp/hard\libcr_c.a(_fdopen.o)
                0x00008600                _fdopen
 .text.fclose   0x00008668       0x58 f:/mcuxpressoide_11.3.1_5262/ide/plugins/com.nxp.mcuxpresso.tools.win32_11.3.0.202008311133/tools/bin/../lib/gcc/arm-none-eabi/9.3.1/../../../../arm-none-eabi/lib/thumb/v8-m.main+fp/hard\libcr_c.a(fclose.o)
                0x00008668                fclose
 .text.remove   0x000086c0       0x14 f:/mcuxpressoide_11.3.1_5262/ide/plugins/com.nxp.mcuxpresso.tools.win32_11.3.0.202008311133/tools/bin/../lib/gcc/arm-none-eabi/9.3.1/../../../../arm-none-eabi/lib/thumb/v8-m.main+fp/hard\libcr_c.a(remove.o)
                0x000086c0                remove
 .text._do_fflush
                0x000086d4       0x40 f:/mcuxpressoide_11.3.1_5262/ide/plugins/com.nxp.mcuxpresso.tools.win32_11.3.0.202008311133/tools/bin/../lib/gcc/arm-none-eabi/9.3.1/../../../../arm-none-eabi/lib/thumb/v8-m.main+fp/hard\libcr_c.a(_do_fflush.o)
                0x000086d4                _do_fflush
 .text.__aeabi_division_uldivmod
                0x00008714      0x174 f:/mcuxpressoide_11.3.1_5262/ide/plugins/com.nxp.mcuxpresso.tools.win32_11.3.0.202008311133/tools/bin/../lib/gcc/arm-none-eabi/9.3.1/thumb/v8-m.main+fp/hard\libcr_eabihelpers.a(division_64.o)
                0x00008714                __aeabi_uldivmod
                0x00008718                __bhs_ldivmod1
 .text.__aeabi_division_idiv0
                0x00008888        0x2 f:/mcuxpressoide_11.3.1_5262/ide/plugins/com.nxp.mcuxpresso.tools.win32_11.3.0.202008311133/tools/bin/../lib/gcc/arm-none-eabi/9.3.1/thumb/v8-m.main+fp/hard\libcr_eabihelpers.a(division_idiv0.o)
                0x00008888                __aeabi_idiv0
 .text.__aeabi_memcpy
                0x0000888a       0x34 f:/mcuxpressoide_11.3.1_5262/ide/plugins/com.nxp.mcuxpresso.tools.win32_11.3.0.202008311133/tools/bin/../lib/gcc/arm-none-eabi/9.3.1/thumb/v8-m.main+fp/hard\libcr_eabihelpers.a(memcpy.o)
                0x0000888a                __aeabi_memcpy
                0x00008894                __aeabi_memcpy8
                0x00008894                __aeabi_memcpy4
 .text.__aeabi_memset_lowlevel
                0x000088be       0x32 f:/mcuxpressoide_11.3.1_5262/ide/plugins/com.nxp.mcuxpresso.tools.win32_11.3.0.202008311133/tools/bin/../lib/gcc/arm-none-eabi/9.3.1/thumb/v8-m.main+fp/hard\libcr_eabihelpers.a(memcpy.o)
                0x000088be                __aeabi_lowlevel_memset
 .text.__sys_close
                0x000088f0        0x6 f:/mcuxpressoide_11.3.1_5262/ide/plugins/com.nxp.mcuxpresso.tools.win32_11.3.0.202008311133/tools/bin/../lib/gcc/arm-none-eabi/9.3.1/../../../../arm-none-eabi/lib/thumb/v8-m.main+fp/hard\libcr_nohost_nf.a(__sys_close.o)
                0x000088f0                __sys_close
 .text.__sys_flen
                0x000088f6        0x6 f:/mcuxpressoide_11.3.1_5262/ide/plugins/com.nxp.mcuxpresso.tools.win32_11.3.0.202008311133/tools/bin/../lib/gcc/arm-none-eabi/9.3.1/../../../../arm-none-eabi/lib/thumb/v8-m.main+fp/hard\libcr_nohost_nf.a(__sys_flen.o)
                0x000088f6                __sys_flen
 .text.__sys_istty
                0x000088fc        0x6 f:/mcuxpressoide_11.3.1_5262/ide/plugins/com.nxp.mcuxpresso.tools.win32_11.3.0.202008311133/tools/bin/../lib/gcc/arm-none-eabi/9.3.1/../../../../arm-none-eabi/lib/thumb/v8-m.main+fp/hard\libcr_nohost_nf.a(__sys_istty.o)
                0x000088fc                __sys_istty
 .text.__sys_remove
                0x00008902        0x6 f:/mcuxpressoide_11.3.1_5262/ide/plugins/com.nxp.mcuxpresso.tools.win32_11.3.0.202008311133/tools/bin/../lib/gcc/arm-none-eabi/9.3.1/../../../../arm-none-eabi/lib/thumb/v8-m.main+fp/hard\libcr_nohost_nf.a(__sys_remove.o)
                0x00008902                __sys_remove
 .text.__sys_seek
                0x00008908        0x6 f:/mcuxpressoide_11.3.1_5262/ide/plugins/com.nxp.mcuxpresso.tools.win32_11.3.0.202008311133/tools/bin/../lib/gcc/arm-none-eabi/9.3.1/../../../../arm-none-eabi/lib/thumb/v8-m.main+fp/hard\libcr_nohost_nf.a(__sys_seek.o)
                0x00008908                __sys_seek
 .text.__sys_tmpnam
                0x0000890e        0x6 f:/mcuxpressoide_11.3.1_5262/ide/plugins/com.nxp.mcuxpresso.tools.win32_11.3.0.202008311133/tools/bin/../lib/gcc/arm-none-eabi/9.3.1/../../../../arm-none-eabi/lib/thumb/v8-m.main+fp/hard\libcr_nohost_nf.a(__sys_tmpnam.o)
                0x0000890e                __sys_tmpnam
 .text.__sys_write
                0x00008914        0x4 f:/mcuxpressoide_11.3.1_5262/ide/plugins/com.nxp.mcuxpresso.tools.win32_11.3.0.202008311133/tools/bin/../lib/gcc/arm-none-eabi/9.3.1/../../../../arm-none-eabi/lib/thumb/v8-m.main+fp/hard\libcr_nohost_nf.a(__sys_write.o)
                0x00008914                __sys_write
 *(SORT_BY_ALIGNMENT(.rodata) SORT_BY_ALIGNMENT(.rodata.*) SORT_BY_ALIGNMENT(.constdata) SORT_BY_ALIGNMENT(.constdata.*))
 .rodata.__assertion_failed.str1.4
                0x00008918       0x14 ./utilities/fsl_assert.o
 .rodata.DbgConsole_SendDataReliable.str1.4
                0x0000892c       0x4e ./utilities/fsl_debug_console.o
 *fill*         0x0000897a        0x2 ff
 .rodata.DbgConsole_Init.str1.4
                0x0000897c       0xcb ./utilities/fsl_debug_console.o
 *fill*         0x00008a47        0x1 ff
 .rodata.main.str1.4
                0x00008a48       0x57 ./source/main.o
 *fill*         0x00008a9f        0x1 ff
 .rodata.MCOUSER_FatalError.str1.4
                0x00008aa0       0x32 ./source/user_LPC5xxxx.o
 *fill*         0x00008ad2        0x2 ff
 .rodata.MCOUSER_ResetApplication.str1.4
                0x00008ad4       0x4c ./source/user_LPC5xxxx.o
 .rodata.MCOUSER_ResetCommunication.str1.4
                0x00008b20       0x6c ./source/user_LPC5xxxx.o
 .rodata.MCOUSER_NMTChange.str1.4
                0x00008b8c       0x59 ./source/user_LPC5xxxx.o
                                 0x69 (size before relaxing)
 *fill*         0x00008be5        0x3 ff
 .rodata.IntervalList
                0x00008be8       0x40 ./drivers/fsl_clock.o
 .rodata.SDK_DelayAtLeastUs.str1.4
                0x00008c28       0x4c ./drivers/fsl_common.o
 .rodata.s_flexcommBaseAddrs
                0x00008c74       0x24 ./drivers/fsl_flexcomm.o
 .rodata.s_flexcommClocks
                0x00008c98       0x12 ./drivers/fsl_flexcomm.o
 *fill*         0x00008caa        0x2 ff
 .rodata.s_flexcommResets
                0x00008cac       0x24 ./drivers/fsl_flexcomm.o
 .rodata.FLEXCOMM_GetInstance.str1.4
                0x00008cd0       0x39 ./drivers/fsl_flexcomm.o
 *fill*         0x00008d09        0x3 ff
 .rodata.FLEXCOMM0_DriverIRQHandler.str1.4
                0x00008d0c       0x35 ./drivers/fsl_flexcomm.o
 *fill*         0x00008d41        0x3 ff
 .rodata.FLEXCOMM1_DriverIRQHandler.str1.4
                0x00008d44       0x35 ./drivers/fsl_flexcomm.o
 *fill*         0x00008d79        0x3 ff
 .rodata.FLEXCOMM2_DriverIRQHandler.str1.4
                0x00008d7c       0x35 ./drivers/fsl_flexcomm.o
 *fill*         0x00008db1        0x3 ff
 .rodata.FLEXCOMM3_DriverIRQHandler.str1.4
                0x00008db4       0x35 ./drivers/fsl_flexcomm.o
 *fill*         0x00008de9        0x3 ff
 .rodata.FLEXCOMM4_DriverIRQHandler.str1.4
                0x00008dec       0x35 ./drivers/fsl_flexcomm.o
 *fill*         0x00008e21        0x3 ff
 .rodata.FLEXCOMM5_DriverIRQHandler.str1.4
                0x00008e24       0x35 ./drivers/fsl_flexcomm.o
 *fill*         0x00008e59        0x3 ff
 .rodata.FLEXCOMM6_DriverIRQHandler.str1.4
                0x00008e5c       0x35 ./drivers/fsl_flexcomm.o
 *fill*         0x00008e91        0x3 ff
 .rodata.FLEXCOMM7_DriverIRQHandler.str1.4
                0x00008e94       0x35 ./drivers/fsl_flexcomm.o
 *fill*         0x00008ec9        0x3 ff
 .rodata.FLEXCOMM8_DriverIRQHandler.str1.4
                0x00008ecc       0x35 ./drivers/fsl_flexcomm.o
 *fill*         0x00008f01        0x3 ff
 .rodata.s_gpioClockName
                0x00008f04        0x4 ./drivers/fsl_gpio.o
 .rodata.s_gpioResets
                0x00008f08        0x8 ./drivers/fsl_gpio.o
 .rodata.GPIO_PortInit.str1.4
                0x00008f10       0x34 ./drivers/fsl_gpio.o
 .rodata.RESET_SetPeripheralReset.str1.4
                0x00008f44       0x1f ./drivers/fsl_reset.o
 *fill*         0x00008f63        0x1 ff
 .rodata.RESET_ClearPeripheralReset.str1.4
                0x00008f64       0x1f ./drivers/fsl_reset.o
 *fill*         0x00008f83        0x1 ff
 .rodata.USART_Init.str1.4
                0x00008f84       0x50 ./drivers/fsl_usart.o
 .rodata.USART_GetDefaultConfig.str1.4
                0x00008fd4       0x22 ./drivers/fsl_usart.o
 *fill*         0x00008ff6        0x2 ff
 .rodata.USART_SetBaudRate.str1.4
                0x00008ff8       0x54 ./drivers/fsl_usart.o
 .rodata.USART_WriteBlocking.str1.4
                0x0000904c       0x37 ./drivers/fsl_usart.o
 *fill*         0x00009083        0x1 ff
 .rodata.s_UsartAdapterBase
                0x00009084       0x20 ./component/uart/usart_adapter.o
 .rodata.HAL_UartInit.str1.4
                0x000090a4       0xdc ./component/uart/usart_adapter.o
 .rodata.HAL_UartSendBlocking.str1.4
                0x00009180       0x5a ./component/uart/usart_adapter.o
 *fill*         0x000091da        0x2 ff
 .rodata.SerialManager_Write.str1.4
                0x000091dc       0x83 ./component/serial_manager/serial_manager.o
 *fill*         0x0000925f        0x1 ff
 .rodata.SerialManager_Init.str1.4
                0x00009260       0x45 ./component/serial_manager/serial_manager.o
 *fill*         0x000092a5        0x3 ff
 .rodata.SerialManager_OpenWriteHandle.str1.4
                0x000092a8       0x4d ./component/serial_manager/serial_manager.o
 *fill*         0x000092f5        0x3 ff
 .rodata.SerialManager_OpenReadHandle.str1.4
                0x000092f8       0x4c ./component/serial_manager/serial_manager.o
 .rodata.Serial_UartInit.str1.4
                0x00009344       0x4f ./component/serial_manager/serial_port_uart.o
 *fill*         0x00009393        0x1 ff
 .rodata.Serial_UartWrite.str1.4
                0x00009394       0x6d ./component/serial_manager/serial_port_uart.o
 *fill*         0x00009401        0x3 ff
 .rodata.USDOCLNTCB_USDOComplete.str1.4
                0x00009404       0x42 ./MCO-Config/user_mgr_401.o
 *fill*         0x00009446        0x2 ff
 .rodata.MGRCB_NodeStatusChanged.str1.4
                0x00009448       0xed ./MCO-Config/user_mgr_401.o
                                 0xfd (size before relaxing)
 *fill*         0x00009535        0x3 ff
 .rodata.gSDOResponseTable
                0x00009538      0x190 ./MCO-Config/user_od.o
                0x00009538                gSDOResponseTable
 .rodata.gODProcTable
                0x000096c8      0x1e6 ./MCO-Config/user_od.o
                0x000096c8                gODProcTable
 *fill*         0x000098ae        0x2 ff
 .rodata.gODGenericTable
                0x000098b0       0x18 ./MCO-Config/user_od.o
                0x000098b0                gODGenericTable
 .rodata.gODIDList
                0x000098c8      0x1d4 ./MCO-Config/user_od.o
                0x000098c8                gODIDList
 .rodata.gSizeofgODIDList
                0x00009a9c        0x4 ./MCO-Config/user_od.o
                0x00009a9c                gSizeofgODIDList
 .rodata.gODIDType
                0x00009aa0       0x75 ./MCO-Config/user_od.o
                0x00009aa0                gODIDType
 *fill*         0x00009b15        0x3 ff
 .rodata.gODIDLocation
                0x00009b18       0x75 ./MCO-Config/user_od.o
                0x00009b18                gODIDLocation
 *fill*         0x00009b8d        0x3 ff
 .rodata.__num_Ciob_streams
                0x00009b90        0x4 f:/mcuxpressoide_11.3.1_5262/ide/plugins/com.nxp.mcuxpresso.tools.win32_11.3.0.202008311133/tools/bin/../lib/gcc/arm-none-eabi/9.3.1/../../../../arm-none-eabi/lib/thumb/v8-m.main+fp/hard\libcr_nohost_nf.a(__ciob.o)
                0x00009b90                __num_Ciob_streams
 .rodata.CSWTCH.70
                0x00009b94        0x8 F:\LPCworkspace\lpcxpresso55s06_mcofd_manager\mcolibs\libMCOFD_MGR_LPC55xx_SDK.a(comgr.o)
 .rodata._initio.str1.1
                0x00009b9c        0x4 f:/mcuxpressoide_11.3.1_5262/ide/plugins/com.nxp.mcuxpresso.tools.win32_11.3.0.202008311133/tools/bin/../lib/gcc/arm-none-eabi/9.3.1/../../../../arm-none-eabi/lib/thumb/v8-m.main+fp/hard\libcr_c.a(initio.o)
                0x00009ba0                . = ALIGN (0x4)

.glue_7         0x00009ba0        0x0
 .glue_7        0x00009ba0        0x0 linker stubs

.glue_7t        0x00009ba0        0x0
 .glue_7t       0x00009ba0        0x0 linker stubs

.vfp11_veneer   0x00009ba0        0x0
 .vfp11_veneer  0x00009ba0        0x0 linker stubs

.v4_bx          0x00009ba0        0x0
 .v4_bx         0x00009ba0        0x0 linker stubs

.iplt           0x00009ba0        0x0
 .iplt          0x00009ba0        0x0 ./utilities/fsl_assert.o

.rel.dyn        0x00009ba0        0x0
 .rel.iplt      0x00009ba0        0x0 ./utilities/fsl_assert.o

.ARM.extab
 *(SORT_BY_ALIGNMENT(.ARM.extab*) SORT_BY_ALIGNMENT(.gnu.linkonce.armextab.*))

.ARM.exidx      0x00009ba0        0x0
                0x00009ba0                __exidx_start = .
 *(SORT_BY_ALIGNMENT(.ARM.exidx*) SORT_BY_ALIGNMENT(.gnu.linkonce.armexidx.*))
                0x00009ba0                __exidx_end = .
                0x00009ba0                _etext = .

.data_RAM2      0x04000000        0x0 load address 0x00009ba0
 FILL mask 0xff
                [!provide]                PROVIDE (__start_data_RAM2 = .)
                [!provide]                PROVIDE (__start_data_SRAMX = .)
 *(SORT_BY_ALIGNMENT(.ramfunc.$RAM2))
 *(SORT_BY_ALIGNMENT(.ramfunc.$SRAMX))
 *(SORT_BY_ALIGNMENT(.data.$RAM2))
 *(SORT_BY_ALIGNMENT(.data.$SRAMX))
 *(SORT_BY_ALIGNMENT(.data.$RAM2.*))
 *(SORT_BY_ALIGNMENT(.data.$SRAMX.*))
                0x04000000                . = ALIGN (0x4)
                [!provide]                PROVIDE (__end_data_RAM2 = .)
                [!provide]                PROVIDE (__end_data_SRAMX = .)

.data_RAM3      0x20010000        0x0 load address 0x00009ba0
 FILL mask 0xff
                [!provide]                PROVIDE (__start_data_RAM3 = .)
                [!provide]                PROVIDE (__start_data_SRAM3 = .)
 *(SORT_BY_ALIGNMENT(.ramfunc.$RAM3))
 *(SORT_BY_ALIGNMENT(.ramfunc.$SRAM3))
 *(SORT_BY_ALIGNMENT(.data.$RAM3))
 *(SORT_BY_ALIGNMENT(.data.$SRAM3))
 *(SORT_BY_ALIGNMENT(.data.$RAM3.*))
 *(SORT_BY_ALIGNMENT(.data.$SRAM3.*))
                0x20010000                . = ALIGN (0x4)
                [!provide]                PROVIDE (__end_data_RAM3 = .)
                [!provide]                PROVIDE (__end_data_SRAM3 = .)

.uninit_RESERVED
                0x20000000        0x0
                0x20000000                _start_uninit_RESERVED = .
 *(SORT_BY_ALIGNMENT(.bss.$RESERVED*))
                0x20000000                . = ALIGN (0x4)
                0x20000000                _end_uninit_RESERVED = .

.data           0x20000000      0x130 load address 0x00009ba0
 FILL mask 0xff
                0x20000000                _data = .
                [!provide]                PROVIDE (__start_data_RAM = .)
                [!provide]                PROVIDE (__start_data_SRAM0_1_2 = .)
 *(SORT_BY_ALIGNMENT(vtable))
 *(SORT_BY_ALIGNMENT(.ramfunc*))
 *(SORT_BY_ALIGNMENT(CodeQuickAccess))
 *(SORT_BY_ALIGNMENT(DataQuickAccess))
 *(SORT_BY_ALIGNMENT(RamFunction))
 *(SORT_BY_ALIGNMENT(.data*))
 .data.s_Ext_Clk_Freq
                0x20000000        0x4 ./drivers/fsl_clock.o
 .data.SystemCoreClock
                0x20000004        0x4 ./device/system_LPC55S06.o
                0x20000004                SystemCoreClock
 .data.mScanList
                0x20000008       0x18 ./MCO-Config/user_mgr_401.o
 .data.gProcImg
                0x20000020      0x100 ./MCO-Config/user_od.o
                0x20000020                gProcImg
 .data.pcntr    0x20000120        0x4 F:\LPCworkspace\lpcxpresso55s06_mcofd_manager\mcolibs\libMCOFD_MGR_LPC55xx_SDK.a(mco.o)
 .data.pcntr    0x20000124        0x4 F:\LPCworkspace\lpcxpresso55s06_mcofd_manager\mcolibs\libMCOFD_MGR_LPC55xx_SDK.a(mcop.o)
 .data.pcntr    0x20000128        0x4 F:\LPCworkspace\lpcxpresso55s06_mcofd_manager\mcolibs\libMCOFD_MGR_LPC55xx_SDK.a(usdo.o)
 .data.gTPDONr  0x2000012c        0x2 F:\LPCworkspace\lpcxpresso55s06_mcofd_manager\mcolibs\libMCOFD_MGR_LPC55xx_SDK.a(mco.o)
                0x2000012c                gTPDONr
                0x20000130                . = ALIGN (0x4)
 *fill*         0x2000012e        0x2 ff
                0x20000130                _edata = .
                [!provide]                PROVIDE (__end_data_RAM = .)
                [!provide]                PROVIDE (__end_data_SRAM0_1_2 = .)

.igot.plt       0x20000130        0x0 load address 0x00009cd0
 .igot.plt      0x20000130        0x0 ./utilities/fsl_assert.o

.bss_RAM2       0x04000000        0x0
                [!provide]                PROVIDE (__start_bss_RAM2 = .)
                [!provide]                PROVIDE (__start_bss_SRAMX = .)
 *(SORT_BY_ALIGNMENT(.bss.$RAM2))
 *(SORT_BY_ALIGNMENT(.bss.$SRAMX))
 *(SORT_BY_ALIGNMENT(.bss.$RAM2.*))
 *(SORT_BY_ALIGNMENT(.bss.$SRAMX.*))
                0x04000000                . = ALIGN ((. != 0x0)?0x4:0x1)
                [!provide]                PROVIDE (__end_bss_RAM2 = .)
                [!provide]                PROVIDE (__end_bss_SRAMX = .)

.bss_RAM3       0x20010000        0x0
                [!provide]                PROVIDE (__start_bss_RAM3 = .)
                [!provide]                PROVIDE (__start_bss_SRAM3 = .)
 *(SORT_BY_ALIGNMENT(.bss.$RAM3))
 *(SORT_BY_ALIGNMENT(.bss.$SRAM3))
 *(SORT_BY_ALIGNMENT(.bss.$RAM3.*))
 *(SORT_BY_ALIGNMENT(.bss.$SRAM3.*))
                0x20010000                . = ALIGN ((. != 0x0)?0x4:0x1)
                [!provide]                PROVIDE (__end_bss_RAM3 = .)
                [!provide]                PROVIDE (__end_bss_SRAM3 = .)

.bss            0x20000130     0x2dac
                0x20000130                _bss = .
                [!provide]                PROVIDE (__start_bss_RAM = .)
                [!provide]                PROVIDE (__start_bss_SRAM0_1_2 = .)
 *(SORT_BY_ALIGNMENT(.bss*))
 .bss.gUSDOClientList
                0x20000130     0x1a00 F:\LPCworkspace\lpcxpresso55s06_mcofd_manager\mcolibs\libMCOFD_MGR_LPC55xx_SDK.a(usdoclnt.o)
                0x20000130                gUSDOClientList
 .bss.s_debugConsoleState
                0x20001b30       0x1c ./utilities/fsl_debug_console.o
 .bss.g_serialHandle
                0x20001b4c        0x4 ./utilities/fsl_debug_console.o
                0x20001b4c                g_serialHandle
 .bss.s_Pll0_Freq
                0x20001b50        0x4 ./drivers/fsl_clock.o
 .bss.s_Pll1_Freq
                0x20001b54        0x4 ./drivers/fsl_clock.o
 .bss.s_flexcommIrqHandler
                0x20001b58       0x24 ./drivers/fsl_flexcomm.o
 .bss.s_flexcommHandle
                0x20001b7c       0x24 ./drivers/fsl_flexcomm.o
 .bss.pSC       0x20001ba0       0x80 ./MCO-Config/user_mgr_401.o
 .bss.mNodeManage
                0x20001c20      0xb00 ./MCO-Config/user_mgr_401.o
 .bss.gNodeList
                0x20002720      0x380 F:\LPCworkspace\lpcxpresso55s06_mcofd_manager\mcolibs\libMCOFD_MGR_LPC55xx_SDK.a(comgr.o)
                0x20002720                gNodeList
 .bss.rxFilter  0x20002aa0        0xc F:\LPCworkspace\lpcxpresso55s06_mcofd_manager\mcolibs\libMCOFD_MGR_LPC55xx_SDK.a(mcohw_LPC54xxx.o)
 .bss.gMCOConfig
                0x20002aac       0x68 F:\LPCworkspace\lpcxpresso55s06_mcofd_manager\mcolibs\libMCOFD_MGR_LPC55xx_SDK.a(mco.o)
                0x20002aac                gMCOConfig
 .bss.gRPDOConfig
                0x20002b14       0x50 F:\LPCworkspace\lpcxpresso55s06_mcofd_manager\mcolibs\libMCOFD_MGR_LPC55xx_SDK.a(mco.o)
                0x20002b14                gRPDOConfig
 .bss.gRxCAN    0x20002b64       0x48 F:\LPCworkspace\lpcxpresso55s06_mcofd_manager\mcolibs\libMCOFD_MGR_LPC55xx_SDK.a(mco.o)
 .bss.gTPDOConfig
                0x20002bac      0x160 F:\LPCworkspace\lpcxpresso55s06_mcofd_manager\mcolibs\libMCOFD_MGR_LPC55xx_SDK.a(mco.o)
                0x20002bac                gTPDOConfig
 .bss.gTxSDO    0x20002d0c       0x48 F:\LPCworkspace\lpcxpresso55s06_mcofd_manager\mcolibs\libMCOFD_MGR_LPC55xx_SDK.a(mco.o)
                0x20002d0c                gTxSDO
 .bss.pcntrb    0x20002d54        0x4 F:\LPCworkspace\lpcxpresso55s06_mcofd_manager\mcolibs\libMCOFD_MGR_LPC55xx_SDK.a(mco.o)
 .bss.gEF       0x20002d58       0x64 F:\LPCworkspace\lpcxpresso55s06_mcofd_manager\mcolibs\libMCOFD_MGR_LPC55xx_SDK.a(mcop.o)
                0x20002d58                gEF
 .bss.pcntrb    0x20002dbc        0x4 F:\LPCworkspace\lpcxpresso55s06_mcofd_manager\mcolibs\libMCOFD_MGR_LPC55xx_SDK.a(mcop.o)
 .bss.mUSDO     0x20002dc0       0x48 F:\LPCworkspace\lpcxpresso55s06_mcofd_manager\mcolibs\libMCOFD_MGR_LPC55xx_SDK.a(usdo.o)
 .bss.pcntrb    0x20002e08        0x4 F:\LPCworkspace\lpcxpresso55s06_mcofd_manager\mcolibs\libMCOFD_MGR_LPC55xx_SDK.a(usdo.o)
 .bss.s_mcanHandle
                0x20002e0c        0x4 F:\LPCworkspace\lpcxpresso55s06_mcofd_manager\mcolibs\libMCOFD_MGR_LPC55xx_SDK.a(fsl_mcan.o)
 .bss.s_mcanIsr
                0x20002e10        0x4 F:\LPCworkspace\lpcxpresso55s06_mcofd_manager\mcolibs\libMCOFD_MGR_LPC55xx_SDK.a(fsl_mcan.o)
 .bss.__Ciob    0x20002e14       0xb4 f:/mcuxpressoide_11.3.1_5262/ide/plugins/com.nxp.mcuxpresso.tools.win32_11.3.0.202008311133/tools/bin/../lib/gcc/arm-none-eabi/9.3.1/../../../../arm-none-eabi/lib/thumb/v8-m.main+fp/hard\libcr_nohost_nf.a(__ciob.o)
                0x20002e14                __Ciob
 .bss.errno     0x20002ec8        0x4 f:/mcuxpressoide_11.3.1_5262/ide/plugins/com.nxp.mcuxpresso.tools.win32_11.3.0.202008311133/tools/bin/../lib/gcc/arm-none-eabi/9.3.1/../../../../arm-none-eabi/lib/thumb/v8-m.main+fp/hard\libcr_c.a(errno.o)
                0x20002ec8                errno
 .bss.analog_in.9450
                0x20002ecc        0x2 ./source/main.o
 .bss.abort_cnt
                0x20002ece        0x2 ./MCO-Config/user_mgr_401.o
 .bss.tim_val.9476
                0x20002ed0        0x2 ./MCO-Config/user_mgr_401.o
 .bss.gTimCnt   0x20002ed2        0x2 F:\LPCworkspace\lpcxpresso55s06_mcofd_manager\mcolibs\libMCOFD_MGR_LPC55xx_SDK.a(mcohw_LPC54xxx.o)
                0x20002ed2                gTimCnt
 .bss.digital.9451
                0x20002ed4        0x1 ./source/main.o
 .bss.nodelp    0x20002ed5        0x1 ./MCO-Config/user_mgr_401.o
 .bss.n401found
                0x20002ed6        0x1 ./MCO-Config/user_mgr_401.o
 .bss.mHBnode   0x20002ed7        0x1 F:\LPCworkspace\lpcxpresso55s06_mcofd_manager\mcolibs\libMCOFD_MGR_LPC55xx_SDK.a(comgr.o)
 .bss.mIDnode   0x20002ed8        0x1 F:\LPCworkspace\lpcxpresso55s06_mcofd_manager\mcolibs\libMCOFD_MGR_LPC55xx_SDK.a(comgr.o)
 .bss.lastseg.9293
                0x20002ed9        0x1 F:\LPCworkspace\lpcxpresso55s06_mcofd_manager\mcolibs\libMCOFD_MGR_LPC55xx_SDK.a(usdoclnt.o)
 .bss.mCurrentChannel
                0x20002eda        0x1 F:\LPCworkspace\lpcxpresso55s06_mcofd_manager\mcolibs\libMCOFD_MGR_LPC55xx_SDK.a(usdoclnt.o)
 .bss.mUSDObr   0x20002edb        0x1 F:\LPCworkspace\lpcxpresso55s06_mcofd_manager\mcolibs\libMCOFD_MGR_LPC55xx_SDK.a(usdo.o)
 *(SORT_BY_ALIGNMENT(COMMON))
                0x20002edc                . = ALIGN (0x4)
                0x20002edc                _ebss = .
                [!provide]                PROVIDE (__end_bss_RAM = .)
                [!provide]                PROVIDE (__end_bss_SRAM0_1_2 = .)
                [!provide]                PROVIDE (end = .)

.noinit_RAM2    0x04000000        0x0
                [!provide]                PROVIDE (__start_noinit_RAM2 = .)
                [!provide]                PROVIDE (__start_noinit_SRAMX = .)
 *(SORT_BY_ALIGNMENT(.noinit.$RAM2))
 *(SORT_BY_ALIGNMENT(.noinit.$SRAMX))
 *(SORT_BY_ALIGNMENT(.noinit.$RAM2.*))
 *(SORT_BY_ALIGNMENT(.noinit.$SRAMX.*))
                0x04000000                . = ALIGN (0x4)
                [!provide]                PROVIDE (__end_noinit_RAM2 = .)
                [!provide]                PROVIDE (__end_noinit_SRAMX = .)

.noinit_RAM3    0x20010000        0x0
                [!provide]                PROVIDE (__start_noinit_RAM3 = .)
                [!provide]                PROVIDE (__start_noinit_SRAM3 = .)
 *(SORT_BY_ALIGNMENT(.noinit.$RAM3))
 *(SORT_BY_ALIGNMENT(.noinit.$SRAM3))
 *(SORT_BY_ALIGNMENT(.noinit.$RAM3.*))
 *(SORT_BY_ALIGNMENT(.noinit.$SRAM3.*))
                0x20010000                . = ALIGN (0x4)
                [!provide]                PROVIDE (__end_noinit_RAM3 = .)
                [!provide]                PROVIDE (__end_noinit_SRAM3 = .)

.noinit         0x20002edc        0x0
                0x20002edc                _noinit = .
                [!provide]                PROVIDE (__start_noinit_RAM = .)
                [!provide]                PROVIDE (__start_noinit_SRAM0_1_2 = .)
 *(SORT_BY_ALIGNMENT(.noinit*))
                0x20002edc                . = ALIGN (0x4)
                0x20002edc                _end_noinit = .
                [!provide]                PROVIDE (__end_noinit_RAM = .)
                [!provide]                PROVIDE (__end_noinit_SRAM0_1_2 = .)
                0x00001000                _HeapSize = 0x1000

.heap           0x20002edc     0x1000
                0x20002edc                _pvHeapStart = .
                0x20003edc                . = (. + _HeapSize)
 *fill*         0x20002edc     0x1000 
                0x20003edc                . = ALIGN (0x4)
                0x20003edc                _pvHeapLimit = .
                0x00001000                _StackSize = 0x1000

.heap2stackfill
                0x20003edc     0x1000
                0x20004edc                . = (. + _StackSize)
 *fill*         0x20003edc     0x1000 

.stack          0x2000f000        0x0
                0x2000f000                _vStackBase = .
                0x2000f000                . = ALIGN (0x4)
                0x20010000                _vStackTop = (. + _StackSize)
                [!provide]                PROVIDE (__valid_user_code_checksum = (0x0 - ((((((_vStackTop + (ResetISR + 0x1)) + (NMI_Handler + 0x1)) + (HardFault_Handler + 0x1)) + (DEFINED (MemManage_Handler)?MemManage_Handler:0x0 + 0x1)) + (DEFINED (BusFault_Handler)?BusFault_Handler:0x0 + 0x1)) + (DEFINED (UsageFault_Handler)?UsageFault_Handler:0x0 + 0x1))))
                0x00000000                _image_start = LOADADDR (.text)
                0x00009cd0                _image_end = (LOADADDR (.data) + SIZEOF (.data))
                0x00009cd0                _image_size = (_image_end - _image_start)
OUTPUT(lpcxpresso55s06_mcofd_manager.axf elf32-littlearm)
LOAD linker stubs

.debug_info     0x00000000    0x19b26
 .debug_info    0x00000000      0x132 ./utilities/fsl_assert.o
 .debug_info    0x00000132      0xa91 ./utilities/fsl_debug_console.o
 .debug_info    0x00000bc3      0xae1 ./utilities/fsl_str.o
 .debug_info    0x000016a4      0x70e ./startup/startup_lpc55s06.o
 .debug_info    0x00001db2     0x21ea ./source/main.o
 .debug_info    0x00003f9c      0xbf5 ./source/mco_libcb.o
 .debug_info    0x00004b91       0x3c ./source/semihost_hardfault.o
 .debug_info    0x00004bcd      0xd8f ./source/user_LPC5xxxx.o
 .debug_info    0x0000595c     0x2d51 ./drivers/fsl_clock.o
 .debug_info    0x000086ad      0x2a8 ./drivers/fsl_common.o
 .debug_info    0x00008955     0x1a49 ./drivers/fsl_flexcomm.o
 .debug_info    0x0000a39e     0x16cd ./drivers/fsl_gpio.o
 .debug_info    0x0000ba6b     0x3220 ./drivers/fsl_power.o
 .debug_info    0x0000ec8b      0xf63 ./drivers/fsl_reset.o
 .debug_info    0x0000fbee     0x170c ./drivers/fsl_usart.o
 .debug_info    0x000112fa     0x1667 ./device/system_LPC55S06.o
 .debug_info    0x00012961      0xd78 ./component/uart/usart_adapter.o
 .debug_info    0x000136d9      0x8bc ./component/serial_manager/serial_manager.o
 .debug_info    0x00013f95      0x565 ./component/serial_manager/serial_port_uart.o
 .debug_info    0x000144fa      0x79d ./board/board.o
 .debug_info    0x00014c97     0x1723 ./board/clock_config.o
 .debug_info    0x000163ba     0x1078 ./board/pin_mux.o
 .debug_info    0x00017432      0xcde ./MCO-Config/user_cbdata.o
 .debug_info    0x00018110      0xdf0 ./MCO-Config/user_mgr_401.o
 .debug_info    0x00018f00      0xc26 ./MCO-Config/user_od.o

.debug_abbrev   0x00000000     0x323c
 .debug_abbrev  0x00000000       0xbe ./utilities/fsl_assert.o
 .debug_abbrev  0x000000be      0x20b ./utilities/fsl_debug_console.o
 .debug_abbrev  0x000002c9      0x24d ./utilities/fsl_str.o
 .debug_abbrev  0x00000516      0x15a ./startup/startup_lpc55s06.o
 .debug_abbrev  0x00000670      0x28c ./source/main.o
 .debug_abbrev  0x000008fc      0x221 ./source/mco_libcb.o
 .debug_abbrev  0x00000b1d       0x31 ./source/semihost_hardfault.o
 .debug_abbrev  0x00000b4e      0x223 ./source/user_LPC5xxxx.o
 .debug_abbrev  0x00000d71      0x374 ./drivers/fsl_clock.o
 .debug_abbrev  0x000010e5      0x153 ./drivers/fsl_common.o
 .debug_abbrev  0x00001238      0x2d8 ./drivers/fsl_flexcomm.o
 .debug_abbrev  0x00001510      0x244 ./drivers/fsl_gpio.o
 .debug_abbrev  0x00001754      0x3bb ./drivers/fsl_power.o
 .debug_abbrev  0x00001b0f      0x195 ./drivers/fsl_reset.o
 .debug_abbrev  0x00001ca4      0x38d ./drivers/fsl_usart.o
 .debug_abbrev  0x00002031      0x20b ./device/system_LPC55S06.o
 .debug_abbrev  0x0000223c      0x208 ./component/uart/usart_adapter.o
 .debug_abbrev  0x00002444      0x237 ./component/serial_manager/serial_manager.o
 .debug_abbrev  0x0000267b      0x160 ./component/serial_manager/serial_port_uart.o
 .debug_abbrev  0x000027db      0x107 ./board/board.o
 .debug_abbrev  0x000028e2      0x1e5 ./board/clock_config.o
 .debug_abbrev  0x00002ac7      0x20b ./board/pin_mux.o
 .debug_abbrev  0x00002cd2      0x1ee ./MCO-Config/user_cbdata.o
 .debug_abbrev  0x00002ec0      0x1fa ./MCO-Config/user_mgr_401.o
 .debug_abbrev  0x000030ba      0x182 ./MCO-Config/user_od.o

.debug_aranges  0x00000000      0xcb8
 .debug_aranges
                0x00000000       0x20 ./utilities/fsl_assert.o
 .debug_aranges
                0x00000020       0x88 ./utilities/fsl_debug_console.o
 .debug_aranges
                0x000000a8       0xb0 ./utilities/fsl_str.o
 .debug_aranges
                0x00000158      0x270 ./startup/startup_lpc55s06.o
 .debug_aranges
                0x000003c8       0x48 ./source/main.o
 .debug_aranges
                0x00000410       0x48 ./source/mco_libcb.o
 .debug_aranges
                0x00000458       0x20 ./source/semihost_hardfault.o
 .debug_aranges
                0x00000478       0x50 ./source/user_LPC5xxxx.o
 .debug_aranges
                0x000004c8      0x200 ./drivers/fsl_clock.o
 .debug_aranges
                0x000006c8       0x38 ./drivers/fsl_common.o
 .debug_aranges
                0x00000700       0x90 ./drivers/fsl_flexcomm.o
 .debug_aranges
                0x00000790       0x30 ./drivers/fsl_gpio.o
 .debug_aranges
                0x000007c0       0xd0 ./drivers/fsl_power.o
 .debug_aranges
                0x00000890       0x30 ./drivers/fsl_reset.o
 .debug_aranges
                0x000008c0       0xe8 ./drivers/fsl_usart.o
 .debug_aranges
                0x000009a8       0x88 ./device/system_LPC55S06.o
 .debug_aranges
                0x00000a30       0x50 ./component/uart/usart_adapter.o
 .debug_aranges
                0x00000a80       0x98 ./component/serial_manager/serial_manager.o
 .debug_aranges
                0x00000b18       0x48 ./component/serial_manager/serial_port_uart.o
 .debug_aranges
                0x00000b60       0x20 ./board/board.o
 .debug_aranges
                0x00000b80       0x40 ./board/clock_config.o
 .debug_aranges
                0x00000bc0       0x38 ./board/pin_mux.o
 .debug_aranges
                0x00000bf8       0x78 ./MCO-Config/user_cbdata.o
 .debug_aranges
                0x00000c70       0x30 ./MCO-Config/user_mgr_401.o
 .debug_aranges
                0x00000ca0       0x18 ./MCO-Config/user_od.o

.debug_ranges   0x00000000      0xb20
 .debug_ranges  0x00000000       0x10 ./utilities/fsl_assert.o
 .debug_ranges  0x00000010       0x78 ./utilities/fsl_debug_console.o
 .debug_ranges  0x00000088       0xa0 ./utilities/fsl_str.o
 .debug_ranges  0x00000128      0x260 ./startup/startup_lpc55s06.o
 .debug_ranges  0x00000388       0x38 ./source/main.o
 .debug_ranges  0x000003c0       0x38 ./source/mco_libcb.o
 .debug_ranges  0x000003f8       0x10 ./source/semihost_hardfault.o
 .debug_ranges  0x00000408       0x40 ./source/user_LPC5xxxx.o
 .debug_ranges  0x00000448      0x1f0 ./drivers/fsl_clock.o
 .debug_ranges  0x00000638       0x28 ./drivers/fsl_common.o
 .debug_ranges  0x00000660       0x80 ./drivers/fsl_flexcomm.o
 .debug_ranges  0x000006e0       0x20 ./drivers/fsl_gpio.o
 .debug_ranges  0x00000700       0xc0 ./drivers/fsl_power.o
 .debug_ranges  0x000007c0       0x20 ./drivers/fsl_reset.o
 .debug_ranges  0x000007e0       0xd8 ./drivers/fsl_usart.o
 .debug_ranges  0x000008b8       0x78 ./device/system_LPC55S06.o
 .debug_ranges  0x00000930       0x40 ./component/uart/usart_adapter.o
 .debug_ranges  0x00000970       0x88 ./component/serial_manager/serial_manager.o
 .debug_ranges  0x000009f8       0x38 ./component/serial_manager/serial_port_uart.o
 .debug_ranges  0x00000a30       0x10 ./board/board.o
 .debug_ranges  0x00000a40       0x30 ./board/clock_config.o
 .debug_ranges  0x00000a70       0x28 ./board/pin_mux.o
 .debug_ranges  0x00000a98       0x68 ./MCO-Config/user_cbdata.o
 .debug_ranges  0x00000b00       0x20 ./MCO-Config/user_mgr_401.o

.debug_macro    0x00000000    0x16ded
 .debug_macro   0x00000000      0x14e ./utilities/fsl_assert.o
 .debug_macro   0x0000014e      0xaea ./utilities/fsl_assert.o
 .debug_macro   0x00000c38       0x10 ./utilities/fsl_assert.o
 .debug_macro   0x00000c48       0x1c ./utilities/fsl_assert.o
 .debug_macro   0x00000c64       0x22 ./utilities/fsl_assert.o
 .debug_macro   0x00000c86      0x12e ./utilities/fsl_assert.o
 .debug_macro   0x00000db4      0x5b3 ./utilities/fsl_assert.o
 .debug_macro   0x00001367       0x22 ./utilities/fsl_assert.o
 .debug_macro   0x00001389       0x10 ./utilities/fsl_assert.o
 .debug_macro   0x00001399       0x46 ./utilities/fsl_assert.o
 .debug_macro   0x000013df       0x1c ./utilities/fsl_assert.o
 .debug_macro   0x000013fb       0x29 ./utilities/fsl_assert.o
 .debug_macro   0x00001424      0x101 ./utilities/fsl_assert.o
 .debug_macro   0x00001525     0x1336 ./utilities/fsl_assert.o
 .debug_macro   0x0000285b       0x5e ./utilities/fsl_assert.o
 .debug_macro   0x000028b9       0x2e ./utilities/fsl_assert.o
 .debug_macro   0x000028e7     0xef4b ./utilities/fsl_assert.o
 .debug_macro   0x00011832      0x35b ./utilities/fsl_assert.o
 .debug_macro   0x00011b8d       0xd7 ./utilities/fsl_assert.o
 .debug_macro   0x00011c64      0x2a0 ./utilities/fsl_assert.o
 .debug_macro   0x00011f04       0x16 ./utilities/fsl_assert.o
 .debug_macro   0x00011f1a       0x8e ./utilities/fsl_assert.o
 .debug_macro   0x00011fa8       0x2e ./utilities/fsl_assert.o
 .debug_macro   0x00011fd6       0x2e ./utilities/fsl_assert.o
 .debug_macro   0x00012004       0x47 ./utilities/fsl_assert.o
 .debug_macro   0x0001204b       0x2e ./utilities/fsl_assert.o
 .debug_macro   0x00012079      0x1ba ./utilities/fsl_debug_console.o
 .debug_macro   0x00012233       0x16 ./utilities/fsl_debug_console.o
 .debug_macro   0x00012249       0x10 ./utilities/fsl_debug_console.o
 .debug_macro   0x00012259       0x28 ./utilities/fsl_debug_console.o
 .debug_macro   0x00012281       0x57 ./utilities/fsl_debug_console.o
 .debug_macro   0x000122d8       0x34 ./utilities/fsl_debug_console.o
 .debug_macro   0x0001230c      0x143 ./utilities/fsl_str.o
 .debug_macro   0x0001244f       0xc4 ./utilities/fsl_str.o
 .debug_macro   0x00012513       0x1c ./utilities/fsl_str.o
 .debug_macro   0x0001252f       0x5d ./utilities/fsl_str.o
 .debug_macro   0x0001258c       0x29 ./startup/startup_lpc55s06.o
 .debug_macro   0x000125b5      0x23e ./source/main.o
 .debug_macro   0x000127f3       0xd8 ./source/main.o
 .debug_macro   0x000128cb       0x3a ./source/main.o
 .debug_macro   0x00012905       0x28 ./source/main.o
 .debug_macro   0x0001292d       0x10 ./source/main.o
 .debug_macro   0x0001293d       0xf6 ./source/main.o
 .debug_macro   0x00012a33      0x206 ./source/main.o